==========================================
SLURM_JOB_ID = 2680071
SLURM_NODELIST = gnode090
SLURM_JOB_GPUS = 0
==========================================
Starting training for config: C1
Using device: cuda
wandb: [wandb.login()] Loaded credentials for https://api.wandb.ai from /home2/dnebhrajani/.netrc.
wandb: Currently logged in as: dnebhrajani (dnebhrajani-v) to https://api.wandb.ai. Use `wandb login --relogin` to force relogin
wandb: setting up run 6hvjpatq
wandb: Tracking run with wandb version 0.29.0
wandb: Run data is saved locally in /home2/dnebhrajani/assignments/wandb/run-20260828_025202-6hvjpatq
wandb: Run `wandb offline` to turn off syncing.
wandb: Syncing run C1_base
wandb: ⭐️ View project at https://wandb.ai/dnebhrajani-v/anlp-transformer-from-scratch
wandb: 🚀 View run at https://wandb.ai/dnebhrajani-v/anlp-transformer-from-scratch/runs/6hvjpatq
Training source BPE tokenizer on cipher texts...
  Cipher BPE training on 50000 chunks (chunk_size=64)
  Source vocab size: 400
Training target BPE tokenizer on plaintext...
  Target vocab size: 400
Source vocab size: 400
Target vocab size: 400
  Encoding 4000 sequences (this may take 1-2 min)...
    500/4000 encoded...
    1000/4000 encoded...
    1500/4000 encoded...
    2000/4000 encoded...
    2500/4000 encoded...
    3000/4000 encoded...
    3500/4000 encoded...
    4000/4000 encoded...
  Saved encoded cache to /home2/dnebhrajani/assignments/outputs/encoded_cache/train.json
  Encoding 500 sequences (this may take 1-2 min)...
    500/500 encoded...
  Saved encoded cache to /home2/dnebhrajani/assignments/outputs/encoded_cache/val.json
  Encoding 500 sequences (this may take 1-2 min)...
    500/500 encoded...
  Saved encoded cache to /home2/dnebhrajani/assignments/outputs/encoded_cache/test.json
Train: 4000, Val: 500, Test: 500
Model parameters: 7,681,424
Epoch   1/50 | Train Loss: 5.7067 | Val Loss: 5.3899 | LR: 5.00e-05 | Time: 53.0s | Mem: 5319MB
  -> Saved best model (val_loss=5.3899)
Epoch   2/50 | Train Loss: 4.9052 | Val Loss: 4.4863 | LR: 1.00e-04 | Time: 45.5s | Mem: 5319MB
  -> Saved best model (val_loss=4.4863)
Epoch   3/50 | Train Loss: 4.3266 | Val Loss: 4.2949 | LR: 9.99e-05 | Time: 46.0s | Mem: 5319MB
  -> Saved best model (val_loss=4.2949)
Epoch   4/50 | Train Loss: 4.1754 | Val Loss: 4.2117 | LR: 9.96e-05 | Time: 46.0s | Mem: 5319MB
  -> Saved best model (val_loss=4.2117)
Epoch   5/50 | Train Loss: 4.0954 | Val Loss: 4.1680 | LR: 9.90e-05 | Time: 45.9s | Mem: 5319MB
  -> Saved best model (val_loss=4.1680)
Epoch   6/50 | Train Loss: 4.0385 | Val Loss: 4.1434 | LR: 9.83e-05 | Time: 46.4s | Mem: 5319MB
  -> Saved best model (val_loss=4.1434)
Epoch   7/50 | Train Loss: 3.9924 | Val Loss: 4.1104 | LR: 9.73e-05 | Time: 46.2s | Mem: 5319MB
  -> Saved best model (val_loss=4.1104)
Epoch   8/50 | Train Loss: 3.9464 | Val Loss: 4.0912 | LR: 9.62e-05 | Time: 46.4s | Mem: 5319MB
  -> Saved best model (val_loss=4.0912)
Epoch   9/50 | Train Loss: 3.9018 | Val Loss: 4.0622 | LR: 9.48e-05 | Time: 46.2s | Mem: 5319MB
  -> Saved best model (val_loss=4.0622)
Epoch  10/50 | Train Loss: 3.8586 | Val Loss: 4.0348 | LR: 9.33e-05 | Time: 46.4s | Mem: 5319MB
  -> Saved best model (val_loss=4.0348)
Epoch  11/50 | Train Loss: 3.8147 | Val Loss: 4.0147 | LR: 9.16e-05 | Time: 46.5s | Mem: 5319MB
  -> Saved best model (val_loss=4.0147)
Epoch  12/50 | Train Loss: 3.7689 | Val Loss: 3.9833 | LR: 8.97e-05 | Time: 46.3s | Mem: 5319MB
  -> Saved best model (val_loss=3.9833)
Epoch  13/50 | Train Loss: 3.7237 | Val Loss: 3.9481 | LR: 8.76e-05 | Time: 46.2s | Mem: 5319MB
  -> Saved best model (val_loss=3.9481)
Epoch  14/50 | Train Loss: 3.6798 | Val Loss: 3.9234 | LR: 8.54e-05 | Time: 45.9s | Mem: 5319MB
  -> Saved best model (val_loss=3.9234)
Epoch  15/50 | Train Loss: 3.6355 | Val Loss: 3.8907 | LR: 8.30e-05 | Time: 45.9s | Mem: 5319MB
  -> Saved best model (val_loss=3.8907)
Epoch  16/50 | Train Loss: 3.5947 | Val Loss: 3.8676 | LR: 8.04e-05 | Time: 46.4s | Mem: 5319MB
  -> Saved best model (val_loss=3.8676)
Epoch  17/50 | Train Loss: 3.5540 | Val Loss: 3.8433 | LR: 7.78e-05 | Time: 46.3s | Mem: 5319MB
  -> Saved best model (val_loss=3.8433)
Epoch  18/50 | Train Loss: 3.5152 | Val Loss: 3.8228 | LR: 7.50e-05 | Time: 46.1s | Mem: 5319MB
  -> Saved best model (val_loss=3.8228)
Epoch  19/50 | Train Loss: 3.4789 | Val Loss: 3.8014 | LR: 7.21e-05 | Time: 46.3s | Mem: 5319MB
  -> Saved best model (val_loss=3.8014)
Epoch  20/50 | Train Loss: 3.4441 | Val Loss: 3.7850 | LR: 6.91e-05 | Time: 46.5s | Mem: 5319MB
  -> Saved best model (val_loss=3.7850)
Epoch  21/50 | Train Loss: 3.4102 | Val Loss: 3.7626 | LR: 6.61e-05 | Time: 46.5s | Mem: 5319MB
  -> Saved best model (val_loss=3.7626)
Epoch  22/50 | Train Loss: 3.3799 | Val Loss: 3.7481 | LR: 6.29e-05 | Time: 46.2s | Mem: 5319MB
  -> Saved best model (val_loss=3.7481)
Epoch  23/50 | Train Loss: 3.3484 | Val Loss: 3.7389 | LR: 5.98e-05 | Time: 46.1s | Mem: 5319MB
  -> Saved best model (val_loss=3.7389)
Epoch  24/50 | Train Loss: 3.3228 | Val Loss: 3.7220 | LR: 5.65e-05 | Time: 46.5s | Mem: 5319MB
  -> Saved best model (val_loss=3.7220)
Epoch  25/50 | Train Loss: 3.2965 | Val Loss: 3.7077 | LR: 5.33e-05 | Time: 46.3s | Mem: 5319MB
  -> Saved best model (val_loss=3.7077)
Epoch  26/50 | Train Loss: 3.2716 | Val Loss: 3.7081 | LR: 5.00e-05 | Time: 46.2s | Mem: 5319MB
Epoch  27/50 | Train Loss: 3.2503 | Val Loss: 3.6939 | LR: 4.67e-05 | Time: 45.6s | Mem: 5319MB
  -> Saved best model (val_loss=3.6939)
Epoch  28/50 | Train Loss: 3.2294 | Val Loss: 3.6809 | LR: 4.35e-05 | Time: 46.1s | Mem: 5319MB
  -> Saved best model (val_loss=3.6809)
Epoch  29/50 | Train Loss: 3.2094 | Val Loss: 3.6748 | LR: 4.02e-05 | Time: 46.3s | Mem: 5319MB
  -> Saved best model (val_loss=3.6748)
Epoch  30/50 | Train Loss: 3.1920 | Val Loss: 3.6662 | LR: 3.71e-05 | Time: 46.0s | Mem: 5319MB
  -> Saved best model (val_loss=3.6662)
Epoch  31/50 | Train Loss: 3.1777 | Val Loss: 3.6610 | LR: 3.39e-05 | Time: 46.6s | Mem: 5319MB
  -> Saved best model (val_loss=3.6610)
Epoch  32/50 | Train Loss: 3.1623 | Val Loss: 3.6516 | LR: 3.09e-05 | Time: 46.3s | Mem: 5319MB
  -> Saved best model (val_loss=3.6516)
Epoch  33/50 | Train Loss: 3.1475 | Val Loss: 3.6544 | LR: 2.79e-05 | Time: 46.2s | Mem: 5319MB
Epoch  34/50 | Train Loss: 3.1359 | Val Loss: 3.6486 | LR: 2.50e-05 | Time: 46.3s | Mem: 5319MB
  -> Saved best model (val_loss=3.6486)
Epoch  35/50 | Train Loss: 3.1233 | Val Loss: 3.6482 | LR: 2.22e-05 | Time: 46.0s | Mem: 5319MB
  -> Saved best model (val_loss=3.6482)
Epoch  36/50 | Train Loss: 3.1162 | Val Loss: 3.6430 | LR: 1.96e-05 | Time: 46.3s | Mem: 5319MB
  -> Saved best model (val_loss=3.6430)
Epoch  37/50 | Train Loss: 3.1071 | Val Loss: 3.6378 | LR: 1.70e-05 | Time: 46.3s | Mem: 5319MB
  -> Saved best model (val_loss=3.6378)
Epoch  38/50 | Train Loss: 3.0987 | Val Loss: 3.6372 | LR: 1.46e-05 | Time: 46.3s | Mem: 5319MB
  -> Saved best model (val_loss=3.6372)
Epoch  39/50 | Train Loss: 3.0914 | Val Loss: 3.6345 | LR: 1.24e-05 | Time: 46.0s | Mem: 5319MB
  -> Saved best model (val_loss=3.6345)
Epoch  40/50 | Train Loss: 3.0854 | Val Loss: 3.6331 | LR: 1.03e-05 | Time: 46.2s | Mem: 5319MB
  -> Saved best model (val_loss=3.6331)
Epoch  41/50 | Train Loss: 3.0805 | Val Loss: 3.6314 | LR: 8.43e-06 | Time: 46.3s | Mem: 5319MB
  -> Saved best model (val_loss=3.6314)
Epoch  42/50 | Train Loss: 3.0750 | Val Loss: 3.6297 | LR: 6.70e-06 | Time: 46.0s | Mem: 5319MB
  -> Saved best model (val_loss=3.6297)
Epoch  43/50 | Train Loss: 3.0716 | Val Loss: 3.6286 | LR: 5.16e-06 | Time: 46.4s | Mem: 5319MB
  -> Saved best model (val_loss=3.6286)
Epoch  44/50 | Train Loss: 3.0687 | Val Loss: 3.6268 | LR: 3.81e-06 | Time: 46.2s | Mem: 5319MB
  -> Saved best model (val_loss=3.6268)
Epoch  45/50 | Train Loss: 3.0666 | Val Loss: 3.6288 | LR: 2.65e-06 | Time: 46.3s | Mem: 5319MB
Epoch  46/50 | Train Loss: 3.0644 | Val Loss: 3.6270 | LR: 1.70e-06 | Time: 46.3s | Mem: 5319MB
Epoch  47/50 | Train Loss: 3.0633 | Val Loss: 3.6270 | LR: 9.61e-07 | Time: 45.4s | Mem: 5319MB
Epoch  48/50 | Train Loss: 3.0624 | Val Loss: 3.6269 | LR: 4.28e-07 | Time: 46.0s | Mem: 5319MB
Epoch  49/50 | Train Loss: 3.0631 | Val Loss: 3.6269 | LR: 1.07e-07 | Time: 46.1s | Mem: 5319MB
Epoch  50/50 | Train Loss: 3.0622 | Val Loss: 3.6269 | LR: 0.00e+00 | Time: 46.2s | Mem: 5319MB

=== Test Set Evaluation ===
  bit_level_accuracy: 0.6387
  sequence_accuracy: 0.0000
  avg_levenshtein: 605.4380
  bleu: 0.0000
  rouge_l_f1: 0.1148
  rouge_l_precision: 0.1179
  rouge_l_recall: 0.1218
wandb: updating run metadata
wandb: uploading config.yaml; uploading output.log; uploading wandb-summary.json
wandb: uploading history steps 51-51, summary, console lines 119-125
wandb: 
wandb: Run history:
wandb:                   epoch ▁▁▁▁▂▂▂▂▂▃▃▃▃▃▃▄▄▄▄▄▅▅▅▅▅▅▆▆▆▆▆▇▇▇▇▇▇███
wandb:            epoch_time_s █▁▂▂▁▂▂▂▂▂▂▂▂▂▂▂▂▂▂▂▂▁▂▂▂▂▂▂▂▂▂▂▂▂▂▂▂▂▁▂
wandb:           learning_rate ▅███████▇▇▇▇▇▆▆▆▆▅▅▅▅▄▄▄▄▃▃▃▃▂▂▂▂▂▁▁▁▁▁▁
wandb:          num_parameters ▁
wandb:      peak_gpu_memory_mb ▅▂▃▄▁▃▃█▂▁▄██▇▃▁▃▂▇▂█▄▃▅▄█▂▃█▄▁▅▂▂██▂▁▄▅
wandb:    test/avg_levenshtein ▁
wandb: test/bit_level_accuracy ▁
wandb:               test/bleu ▁
wandb:         test/rouge_l_f1 ▁
wandb:  test/rouge_l_precision ▁
wandb:                      +4 ...
wandb: 
wandb: Run summary:
wandb:                   epoch 50
wandb:            epoch_time_s 46.23538
wandb:           learning_rate 0
wandb:          num_parameters 7681424
wandb:      peak_gpu_memory_mb 5319.12256
wandb:    test/avg_levenshtein 605.438
wandb: test/bit_level_accuracy 0.6387
wandb:               test/bleu 3e-05
wandb:         test/rouge_l_f1 0.11483
wandb:  test/rouge_l_precision 0.11794
wandb:                      +4 ...
wandb: 
wandb: 🚀 View run C1_base at: https://wandb.ai/dnebhrajani-v/anlp-transformer-from-scratch/runs/6hvjpatq
wandb: ⭐️ View project at: https://wandb.ai/dnebhrajani-v/anlp-transformer-from-scratch
wandb: Synced 5 W&B file(s), 0 media file(s), 0 artifact file(s) and 0 other file(s)
wandb: Find logs at: ./wandb/run-20260828_025202-6hvjpatq/logs
