==========================================
SLURM_JOB_ID = 2685446
SLURM_NODELIST = gnode056
SLURM_JOB_GPUS = 2
==========================================
Starting training for config: C2
Using device: cuda
wandb: [wandb.login()] Loaded credentials for https://api.wandb.ai from /home2/dnebhrajani/.netrc.
wandb: Currently logged in as: dnebhrajani (dnebhrajani-v) to https://api.wandb.ai. Use `wandb login --relogin` to force relogin
wandb: setting up run qkocb48u
wandb: Tracking run with wandb version 0.29.0
wandb: Run data is saved locally in /home2/dnebhrajani/transformer-from-scratch/wandb/run-20260902_050409-qkocb48u
wandb: Run `wandb offline` to turn off syncing.
wandb: Syncing run C2_rope
wandb: ⭐️ View project at https://wandb.ai/dnebhrajani-v/anlp-transformer-from-scratch
wandb: 🚀 View run at https://wandb.ai/dnebhrajani-v/anlp-transformer-from-scratch/runs/qkocb48u
Loaded tokenizers: src vocab=4000, tgt vocab=4000
Source vocab size: 4000
Target vocab size: 4000
  train: 19949 segments (segment_bytes=128)
  val: 2813 segments (segment_bytes=128)
  test: 2842 segments (segment_bytes=128)

============================================================
TOKENIZER ROUND-TRIP TEST
============================================================

SOURCE / CIPHERTEXT
Cipher bits:  1024
Cipher bytes: 128
Token count:  52
Round-trip:   True

TARGET / PLAINTEXT
Plain length: 128
Token count:  34
Round-trip:   True

============================================================
  Loaded encoded cache from /home2/dnebhrajani/transformer-from-scratch/outputs/encoded_cache/train.json (19949 samples)
  Loaded encoded cache from /home2/dnebhrajani/transformer-from-scratch/outputs/encoded_cache/val.json (2813 samples)
  Loaded encoded cache from /home2/dnebhrajani/transformer-from-scratch/outputs/encoded_cache/test.json (2842 samples)
Train: 19949, Val: 2813, Test: 2842
Model parameters: 10,449,824
Epoch   1/100 | Train Loss: 6.8998 | Val Loss: 6.0677 | LR: 3.00e-04 | Time: 52.0s | Mem: 1473MB
  -> Saved best model (val_loss=6.0677)
Epoch   2/100 | Train Loss: 5.0812 | Val Loss: 4.5343 | LR: 3.00e-04 | Time: 39.7s | Mem: 1464MB
  -> Saved best model (val_loss=4.5343)
Epoch   3/100 | Train Loss: 3.5039 | Val Loss: 3.1624 | LR: 3.00e-04 | Time: 40.1s | Mem: 1464MB
  -> Saved best model (val_loss=3.1624)
Epoch   4/100 | Train Loss: 2.4812 | Val Loss: 2.4862 | LR: 2.99e-04 | Time: 40.5s | Mem: 1464MB
  -> Saved best model (val_loss=2.4862)
Epoch   5/100 | Train Loss: 1.9850 | Val Loss: 2.1212 | LR: 2.99e-04 | Time: 41.5s | Mem: 1466MB
  -> Saved best model (val_loss=2.1212)
Epoch   6/100 | Train Loss: 1.7516 | Val Loss: 1.9634 | LR: 2.98e-04 | Time: 38.6s | Mem: 1464MB
  -> Saved best model (val_loss=1.9634)
Epoch   7/100 | Train Loss: 1.6225 | Val Loss: 1.8667 | LR: 2.97e-04 | Time: 40.9s | Mem: 1465MB
  -> Saved best model (val_loss=1.8667)
Epoch   8/100 | Train Loss: 1.5380 | Val Loss: 1.8310 | LR: 2.96e-04 | Time: 41.9s | Mem: 1464MB
  -> Saved best model (val_loss=1.8310)
Epoch   9/100 | Train Loss: 1.4783 | Val Loss: 1.7691 | LR: 2.95e-04 | Time: 41.9s | Mem: 1464MB
  -> Saved best model (val_loss=1.7691)
Epoch  10/100 | Train Loss: 1.4334 | Val Loss: 1.7332 | LR: 2.94e-04 | Time: 41.4s | Mem: 1466MB
  -> Saved best model (val_loss=1.7332)
Epoch  11/100 | Train Loss: 1.4005 | Val Loss: 1.7152 | LR: 2.92e-04 | Time: 41.1s | Mem: 1464MB
  -> Saved best model (val_loss=1.7152)
Epoch  12/100 | Train Loss: 1.3721 | Val Loss: 1.6841 | LR: 2.91e-04 | Time: 42.1s | Mem: 1463MB
  -> Saved best model (val_loss=1.6841)
Epoch  13/100 | Train Loss: 1.3549 | Val Loss: 1.6716 | LR: 2.89e-04 | Time: 42.0s | Mem: 1464MB
  -> Saved best model (val_loss=1.6716)
Epoch  14/100 | Train Loss: 1.3392 | Val Loss: 1.6504 | LR: 2.87e-04 | Time: 40.0s | Mem: 1464MB
  -> Saved best model (val_loss=1.6504)
Epoch  15/100 | Train Loss: 1.3231 | Val Loss: 1.6413 | LR: 2.85e-04 | Time: 41.0s | Mem: 1464MB
  -> Saved best model (val_loss=1.6413)
Epoch  16/100 | Train Loss: 1.3106 | Val Loss: 1.6184 | LR: 2.83e-04 | Time: 40.5s | Mem: 1464MB
  -> Saved best model (val_loss=1.6184)
Epoch  17/100 | Train Loss: 1.3039 | Val Loss: 1.6196 | LR: 2.81e-04 | Time: 40.7s | Mem: 1464MB
Epoch  18/100 | Train Loss: 1.2924 | Val Loss: 1.6002 | LR: 2.78e-04 | Time: 41.5s | Mem: 1465MB
  -> Saved best model (val_loss=1.6002)
Epoch  19/100 | Train Loss: 1.2881 | Val Loss: 1.5863 | LR: 2.76e-04 | Time: 40.4s | Mem: 1464MB
  -> Saved best model (val_loss=1.5863)
Epoch  20/100 | Train Loss: 1.2800 | Val Loss: 1.5853 | LR: 2.73e-04 | Time: 41.1s | Mem: 1464MB
  -> Saved best model (val_loss=1.5853)
Epoch  21/100 | Train Loss: 1.2753 | Val Loss: 1.5675 | LR: 2.70e-04 | Time: 40.3s | Mem: 1464MB
  -> Saved best model (val_loss=1.5675)
Epoch  22/100 | Train Loss: 1.2699 | Val Loss: 1.5595 | LR: 2.67e-04 | Time: 41.5s | Mem: 1467MB
  -> Saved best model (val_loss=1.5595)
Epoch  23/100 | Train Loss: 1.2636 | Val Loss: 1.5434 | LR: 2.64e-04 | Time: 41.4s | Mem: 1464MB
  -> Saved best model (val_loss=1.5434)
Epoch  24/100 | Train Loss: 1.2587 | Val Loss: 1.5420 | LR: 2.61e-04 | Time: 40.6s | Mem: 1464MB
  -> Saved best model (val_loss=1.5420)
Epoch  25/100 | Train Loss: 1.2548 | Val Loss: 1.5276 | LR: 2.58e-04 | Time: 41.3s | Mem: 1464MB
  -> Saved best model (val_loss=1.5276)
Epoch  26/100 | Train Loss: 1.2510 | Val Loss: 1.5405 | LR: 2.55e-04 | Time: 40.7s | Mem: 1467MB
Epoch  27/100 | Train Loss: 1.2483 | Val Loss: 1.5234 | LR: 2.51e-04 | Time: 37.6s | Mem: 1464MB
  -> Saved best model (val_loss=1.5234)
Epoch  28/100 | Train Loss: 1.2445 | Val Loss: 1.5190 | LR: 2.48e-04 | Time: 39.5s | Mem: 1464MB
  -> Saved best model (val_loss=1.5190)
Epoch  29/100 | Train Loss: 1.2403 | Val Loss: 1.5062 | LR: 2.44e-04 | Time: 39.3s | Mem: 1464MB
  -> Saved best model (val_loss=1.5062)
Epoch  30/100 | Train Loss: 1.2373 | Val Loss: 1.5044 | LR: 2.40e-04 | Time: 40.2s | Mem: 1463MB
  -> Saved best model (val_loss=1.5044)
Epoch  31/100 | Train Loss: 1.2349 | Val Loss: 1.5065 | LR: 2.36e-04 | Time: 39.6s | Mem: 1464MB
Epoch  32/100 | Train Loss: 1.2338 | Val Loss: 1.5037 | LR: 2.33e-04 | Time: 38.2s | Mem: 1464MB
  -> Saved best model (val_loss=1.5037)
Epoch  33/100 | Train Loss: 1.2317 | Val Loss: 1.4900 | LR: 2.29e-04 | Time: 40.5s | Mem: 1463MB
  -> Saved best model (val_loss=1.4900)
Epoch  34/100 | Train Loss: 1.2276 | Val Loss: 1.4880 | LR: 2.24e-04 | Time: 40.4s | Mem: 1464MB
  -> Saved best model (val_loss=1.4880)
Epoch  35/100 | Train Loss: 1.2246 | Val Loss: 1.4800 | LR: 2.20e-04 | Time: 39.9s | Mem: 1464MB
  -> Saved best model (val_loss=1.4800)
Epoch  36/100 | Train Loss: 1.2234 | Val Loss: 1.4790 | LR: 2.16e-04 | Time: 39.3s | Mem: 1464MB
  -> Saved best model (val_loss=1.4790)
Epoch  37/100 | Train Loss: 1.2234 | Val Loss: 1.4775 | LR: 2.12e-04 | Time: 41.7s | Mem: 1464MB
  -> Saved best model (val_loss=1.4775)
Epoch  38/100 | Train Loss: 1.2193 | Val Loss: 1.4709 | LR: 2.07e-04 | Time: 40.5s | Mem: 1464MB
  -> Saved best model (val_loss=1.4709)
Epoch  39/100 | Train Loss: 1.2177 | Val Loss: 1.4727 | LR: 2.03e-04 | Time: 41.4s | Mem: 1466MB
Epoch  40/100 | Train Loss: 1.2165 | Val Loss: 1.4710 | LR: 1.99e-04 | Time: 39.2s | Mem: 1463MB
Epoch  41/100 | Train Loss: 1.2166 | Val Loss: 1.4704 | LR: 1.94e-04 | Time: 42.2s | Mem: 1463MB
  -> Saved best model (val_loss=1.4704)
Epoch  42/100 | Train Loss: 1.2140 | Val Loss: 1.4617 | LR: 1.89e-04 | Time: 39.8s | Mem: 1464MB
  -> Saved best model (val_loss=1.4617)
Epoch  43/100 | Train Loss: 1.2111 | Val Loss: 1.4589 | LR: 1.85e-04 | Time: 40.7s | Mem: 1463MB
  -> Saved best model (val_loss=1.4589)
Epoch  44/100 | Train Loss: 1.2102 | Val Loss: 1.4634 | LR: 1.80e-04 | Time: 41.1s | Mem: 1464MB
Epoch  45/100 | Train Loss: 1.2080 | Val Loss: 1.4580 | LR: 1.76e-04 | Time: 41.8s | Mem: 1464MB
  -> Saved best model (val_loss=1.4580)
Epoch  46/100 | Train Loss: 1.2059 | Val Loss: 1.4642 | LR: 1.71e-04 | Time: 40.6s | Mem: 1463MB
Epoch  47/100 | Train Loss: 1.2056 | Val Loss: 1.4625 | LR: 1.66e-04 | Time: 38.2s | Mem: 1466MB
Epoch  48/100 | Train Loss: 1.2070 | Val Loss: 1.4617 | LR: 1.61e-04 | Time: 40.9s | Mem: 1463MB
Epoch  49/100 | Train Loss: 1.2048 | Val Loss: 1.4564 | LR: 1.57e-04 | Time: 40.5s | Mem: 1464MB
  -> Saved best model (val_loss=1.4564)
Epoch  50/100 | Train Loss: 1.2031 | Val Loss: 1.4510 | LR: 1.52e-04 | Time: 39.7s | Mem: 1465MB
  -> Saved best model (val_loss=1.4510)
Epoch  51/100 | Train Loss: 1.2015 | Val Loss: 1.4511 | LR: 1.47e-04 | Time: 41.4s | Mem: 1463MB
Epoch  52/100 | Train Loss: 1.2003 | Val Loss: 1.4713 | LR: 1.42e-04 | Time: 40.7s | Mem: 1464MB
Epoch  53/100 | Train Loss: 1.2008 | Val Loss: 1.4565 | LR: 1.38e-04 | Time: 40.9s | Mem: 1464MB
Epoch  54/100 | Train Loss: 1.1994 | Val Loss: 1.4477 | LR: 1.33e-04 | Time: 41.2s | Mem: 1466MB
  -> Saved best model (val_loss=1.4477)
Epoch  55/100 | Train Loss: 1.1977 | Val Loss: 1.4523 | LR: 1.28e-04 | Time: 41.0s | Mem: 1464MB
Epoch  56/100 | Train Loss: 1.1970 | Val Loss: 1.4516 | LR: 1.24e-04 | Time: 41.3s | Mem: 1464MB
Epoch  57/100 | Train Loss: 1.1963 | Val Loss: 1.4486 | LR: 1.19e-04 | Time: 36.8s | Mem: 1464MB
Epoch  58/100 | Train Loss: 1.1954 | Val Loss: 1.4510 | LR: 1.14e-04 | Time: 38.1s | Mem: 1464MB
Epoch  59/100 | Train Loss: 1.1950 | Val Loss: 1.4573 | LR: 1.10e-04 | Time: 37.3s | Mem: 1464MB
Epoch  60/100 | Train Loss: 1.1938 | Val Loss: 1.4491 | LR: 1.05e-04 | Time: 40.9s | Mem: 1464MB
Epoch  61/100 | Train Loss: 1.1930 | Val Loss: 1.4499 | LR: 1.01e-04 | Time: 41.1s | Mem: 1463MB
Epoch  62/100 | Train Loss: 1.1930 | Val Loss: 1.4496 | LR: 9.61e-05 | Time: 39.1s | Mem: 1464MB
Epoch  63/100 | Train Loss: 1.1919 | Val Loss: 1.4455 | LR: 9.17e-05 | Time: 41.3s | Mem: 1463MB
  -> Saved best model (val_loss=1.4455)
Epoch  64/100 | Train Loss: 1.1913 | Val Loss: 1.4551 | LR: 8.74e-05 | Time: 40.8s | Mem: 1464MB
Epoch  65/100 | Train Loss: 1.1907 | Val Loss: 1.4617 | LR: 8.31e-05 | Time: 40.4s | Mem: 1465MB
Epoch  66/100 | Train Loss: 1.1900 | Val Loss: 1.4545 | LR: 7.89e-05 | Time: 40.7s | Mem: 1463MB
Epoch  67/100 | Train Loss: 1.1895 | Val Loss: 1.4546 | LR: 7.47e-05 | Time: 40.5s | Mem: 1464MB
Epoch  68/100 | Train Loss: 1.1889 | Val Loss: 1.4509 | LR: 7.07e-05 | Time: 41.4s | Mem: 1464MB
Epoch  69/100 | Train Loss: 1.1890 | Val Loss: 1.4527 | LR: 6.67e-05 | Time: 40.4s | Mem: 1464MB
Epoch  70/100 | Train Loss: 1.1885 | Val Loss: 1.4482 | LR: 6.28e-05 | Time: 39.3s | Mem: 1464MB
Epoch  71/100 | Train Loss: 1.1878 | Val Loss: 1.4496 | LR: 5.89e-05 | Time: 35.5s | Mem: 1465MB
Epoch  72/100 | Train Loss: 1.1874 | Val Loss: 1.4502 | LR: 5.52e-05 | Time: 36.6s | Mem: 1464MB
Epoch  73/100 | Train Loss: 1.1870 | Val Loss: 1.4588 | LR: 5.16e-05 | Time: 40.2s | Mem: 1464MB
Epoch  74/100 | Train Loss: 1.1868 | Val Loss: 1.4505 | LR: 4.80e-05 | Time: 37.4s | Mem: 1468MB
Epoch  75/100 | Train Loss: 1.1863 | Val Loss: 1.4518 | LR: 4.46e-05 | Time: 40.6s | Mem: 1464MB
Epoch  76/100 | Train Loss: 1.1859 | Val Loss: 1.4581 | LR: 4.13e-05 | Time: 40.1s | Mem: 1467MB
Epoch  77/100 | Train Loss: 1.1856 | Val Loss: 1.4535 | LR: 3.81e-05 | Time: 41.3s | Mem: 1464MB
Epoch  78/100 | Train Loss: 1.1853 | Val Loss: 1.4544 | LR: 3.50e-05 | Time: 41.8s | Mem: 1464MB
  Early stopping at epoch 78

=== Test Set Evaluation ===
  bit_level_accuracy: 0.9445
  char_level_accuracy: 0.8465
  sequence_accuracy: 0.5538
  avg_levenshtein: 1.3118
  bleu: 0.9086
  rouge_l_f1: 0.9661
  rouge_l_precision: 0.9659
  rouge_l_recall: 0.9664
wandb: updating run metadata
wandb: uploading output.log; uploading wandb-summary.json; uploading config.yaml
wandb: uploading wandb-summary.json; uploading config.yaml
wandb: uploading history steps 79-79, summary, console lines 152-159
wandb: 
wandb: Run history:
wandb:                    epoch ▁▁▁▂▂▂▂▂▂▃▃▃▃▃▄▄▄▄▄▄▅▅▅▅▅▆▆▆▆▆▇▇▇▇▇▇▇███
wandb:             epoch_time_s █▂▂▃▂▃▃▂▃▃▂▃▃▃▁▂▂▁▂▃▃▂▃▃▃▃▃▃▃▃▁▁▃▃▃▃▂▁▂▃
wandb:            learning_rate ██████████▇▇▇▇▇▇▇▆▆▆▆▆▅▅▅▅▅▄▄▄▃▃▃▃▃▂▂▂▂▁
wandb:           num_parameters ▁
wandb:       peak_gpu_memory_mb █▂▂▃▁▂▂▂▃▁▂▂▂▄▂▁▂▂▂▃▁▂▁▃▂▁▂▂▂▂▁▂▂▁▂▂▂▄▂▂
wandb:     test/avg_levenshtein ▁
wandb:  test/bit_level_accuracy ▁
wandb:                test/bleu ▁
wandb: test/char_level_accuracy ▁
wandb:          test/rouge_l_f1 ▁
wandb:                       +5 ...
wandb: 
wandb: Run summary:
wandb:                    epoch 78
wandb:             epoch_time_s 41.84717
wandb:            learning_rate 3e-05
wandb:           num_parameters 10449824
wandb:       peak_gpu_memory_mb 1464.11133
wandb:     test/avg_levenshtein 1.31175
wandb:  test/bit_level_accuracy 0.94446
wandb:                test/bleu 0.90863
wandb: test/char_level_accuracy 0.84649
wandb:          test/rouge_l_f1 0.96606
wandb:                       +5 ...
wandb: 
wandb: 🚀 View run C2_rope at: https://wandb.ai/dnebhrajani-v/anlp-transformer-from-scratch/runs/qkocb48u
wandb: ⭐️ View project at: https://wandb.ai/dnebhrajani-v/anlp-transformer-from-scratch
wandb: Synced 5 W&B file(s), 0 media file(s), 0 artifact file(s) and 0 other file(s)
wandb: Find logs at: ./wandb/run-20260902_050409-qkocb48u/logs
