==========================================
SLURM_JOB_ID = 2680075
SLURM_NODELIST = gnode090
SLURM_JOB_GPUS = 0
==========================================
Starting training for config: C2
Using device: cuda
wandb: [wandb.login()] Loaded credentials for https://api.wandb.ai from /home2/dnebhrajani/.netrc.
wandb: Currently logged in as: dnebhrajani (dnebhrajani-v) to https://api.wandb.ai. Use `wandb login --relogin` to force relogin
wandb: setting up run 0ao743u9
wandb: Tracking run with wandb version 0.29.0
wandb: Run data is saved locally in /home2/dnebhrajani/assignments/wandb/run-20260828_034449-0ao743u9
wandb: Run `wandb offline` to turn off syncing.
wandb: Syncing run C2_rope
wandb: ⭐️ View project at https://wandb.ai/dnebhrajani-v/anlp-transformer-from-scratch
wandb: 🚀 View run at https://wandb.ai/dnebhrajani-v/anlp-transformer-from-scratch/runs/0ao743u9
Loaded tokenizers: src vocab=400, tgt vocab=400
Source vocab size: 400
Target vocab size: 400
  Loaded encoded cache from /home2/dnebhrajani/assignments/outputs/encoded_cache/train.json (4000 samples)
  Loaded encoded cache from /home2/dnebhrajani/assignments/outputs/encoded_cache/val.json (500 samples)
  Loaded encoded cache from /home2/dnebhrajani/assignments/outputs/encoded_cache/test.json (500 samples)
Train: 4000, Val: 500, Test: 500
Model parameters: 7,681,424
Epoch   1/50 | Train Loss: 5.6320 | Val Loss: 5.1617 | LR: 5.00e-05 | Time: 47.9s | Mem: 5313MB
  -> Saved best model (val_loss=5.1617)
Epoch   2/50 | Train Loss: 4.5872 | Val Loss: 4.3607 | LR: 1.00e-04 | Time: 47.4s | Mem: 5313MB
  -> Saved best model (val_loss=4.3607)
Epoch   3/50 | Train Loss: 4.1755 | Val Loss: 4.2021 | LR: 9.99e-05 | Time: 47.6s | Mem: 5313MB
  -> Saved best model (val_loss=4.2021)
Epoch   4/50 | Train Loss: 4.0225 | Val Loss: 4.1104 | LR: 9.96e-05 | Time: 48.1s | Mem: 5313MB
  -> Saved best model (val_loss=4.1104)
Epoch   5/50 | Train Loss: 3.8750 | Val Loss: 3.9621 | LR: 9.90e-05 | Time: 48.4s | Mem: 5313MB
  -> Saved best model (val_loss=3.9621)
Epoch   6/50 | Train Loss: 3.6946 | Val Loss: 3.8262 | LR: 9.83e-05 | Time: 48.1s | Mem: 5313MB
  -> Saved best model (val_loss=3.8262)
Epoch   7/50 | Train Loss: 3.5440 | Val Loss: 3.7270 | LR: 9.73e-05 | Time: 48.5s | Mem: 5313MB
  -> Saved best model (val_loss=3.7270)
Epoch   8/50 | Train Loss: 3.4246 | Val Loss: 3.6486 | LR: 9.62e-05 | Time: 48.3s | Mem: 5313MB
  -> Saved best model (val_loss=3.6486)
Epoch   9/50 | Train Loss: 3.3260 | Val Loss: 3.5839 | LR: 9.48e-05 | Time: 48.1s | Mem: 5313MB
  -> Saved best model (val_loss=3.5839)
Epoch  10/50 | Train Loss: 3.2474 | Val Loss: 3.5425 | LR: 9.33e-05 | Time: 48.3s | Mem: 5313MB
  -> Saved best model (val_loss=3.5425)
Epoch  11/50 | Train Loss: 3.1799 | Val Loss: 3.5117 | LR: 9.16e-05 | Time: 48.2s | Mem: 5313MB
  -> Saved best model (val_loss=3.5117)
Epoch  12/50 | Train Loss: 3.1192 | Val Loss: 3.4773 | LR: 8.97e-05 | Time: 48.2s | Mem: 5313MB
  -> Saved best model (val_loss=3.4773)
Epoch  13/50 | Train Loss: 3.0640 | Val Loss: 3.4579 | LR: 8.76e-05 | Time: 48.5s | Mem: 5313MB
  -> Saved best model (val_loss=3.4579)
Epoch  14/50 | Train Loss: 3.0157 | Val Loss: 3.4457 | LR: 8.54e-05 | Time: 48.3s | Mem: 5313MB
  -> Saved best model (val_loss=3.4457)
Epoch  15/50 | Train Loss: 2.9715 | Val Loss: 3.4236 | LR: 8.30e-05 | Time: 48.3s | Mem: 5313MB
  -> Saved best model (val_loss=3.4236)
Epoch  16/50 | Train Loss: 2.9316 | Val Loss: 3.4170 | LR: 8.04e-05 | Time: 48.4s | Mem: 5313MB
  -> Saved best model (val_loss=3.4170)
Epoch  17/50 | Train Loss: 2.8927 | Val Loss: 3.4101 | LR: 7.78e-05 | Time: 48.1s | Mem: 5313MB
  -> Saved best model (val_loss=3.4101)
Epoch  18/50 | Train Loss: 2.8549 | Val Loss: 3.4050 | LR: 7.50e-05 | Time: 48.4s | Mem: 5313MB
  -> Saved best model (val_loss=3.4050)
Epoch  19/50 | Train Loss: 2.8212 | Val Loss: 3.4007 | LR: 7.21e-05 | Time: 47.7s | Mem: 5313MB
  -> Saved best model (val_loss=3.4007)
Epoch  20/50 | Train Loss: 2.7883 | Val Loss: 3.4070 | LR: 6.91e-05 | Time: 48.3s | Mem: 5313MB
Epoch  21/50 | Train Loss: 2.7595 | Val Loss: 3.4019 | LR: 6.61e-05 | Time: 48.3s | Mem: 5313MB
Epoch  22/50 | Train Loss: 2.7300 | Val Loss: 3.3991 | LR: 6.29e-05 | Time: 48.2s | Mem: 5313MB
  -> Saved best model (val_loss=3.3991)
Epoch  23/50 | Train Loss: 2.7032 | Val Loss: 3.4042 | LR: 5.98e-05 | Time: 48.2s | Mem: 5313MB
Epoch  24/50 | Train Loss: 2.6782 | Val Loss: 3.4049 | LR: 5.65e-05 | Time: 48.4s | Mem: 5313MB
Epoch  25/50 | Train Loss: 2.6554 | Val Loss: 3.4085 | LR: 5.33e-05 | Time: 48.2s | Mem: 5313MB
Epoch  26/50 | Train Loss: 2.6302 | Val Loss: 3.4112 | LR: 5.00e-05 | Time: 48.4s | Mem: 5313MB
Epoch  27/50 | Train Loss: 2.6108 | Val Loss: 3.4148 | LR: 4.67e-05 | Time: 48.2s | Mem: 5313MB
Epoch  28/50 | Train Loss: 2.5920 | Val Loss: 3.4217 | LR: 4.35e-05 | Time: 48.3s | Mem: 5313MB
Epoch  29/50 | Train Loss: 2.5718 | Val Loss: 3.4299 | LR: 4.02e-05 | Time: 48.4s | Mem: 5313MB
  Early stopping at epoch 29

=== Test Set Evaluation ===
  bit_level_accuracy: 0.6502
  sequence_accuracy: 0.0000
  avg_levenshtein: 570.7580
  bleu: 0.0004
  rouge_l_f1: 0.1332
  rouge_l_precision: 0.1311
  rouge_l_recall: 0.1448
wandb: updating run metadata
wandb: uploading output.log; uploading wandb-summary.json; uploading config.yaml
wandb: uploading history steps 30-30, summary, console lines 60-66
wandb: 
wandb: Run history:
wandb:                   epoch ▁▁▁▂▂▂▃▃▃▃▃▄▄▄▅▅▅▅▅▆▆▆▇▇▇▇▇██
wandb:            epoch_time_s ▄▁▃▅▇▆█▇▅▇▆▆█▇▇█▆▇▃▇▇▆▆▇▆▇▆▇█
wandb:           learning_rate ▂███████▇▇▇▇▇▆▆▆▅▅▅▄▄▄▃▃▃▂▂▁▁
wandb:          num_parameters ▁
wandb:      peak_gpu_memory_mb ▂▂▂▁▂▂▂▂▂▂▂▂▂▂▂█▂▂▂▂▂▂▂▂▄▂▂▂▂
wandb:    test/avg_levenshtein ▁
wandb: test/bit_level_accuracy ▁
wandb:               test/bleu ▁
wandb:         test/rouge_l_f1 ▁
wandb:  test/rouge_l_precision ▁
wandb:                      +4 ...
wandb: 
wandb: Run summary:
wandb:                   epoch 29
wandb:            epoch_time_s 48.40213
wandb:           learning_rate 4e-05
wandb:          num_parameters 7681424
wandb:      peak_gpu_memory_mb 5312.91553
wandb:    test/avg_levenshtein 570.758
wandb: test/bit_level_accuracy 0.65023
wandb:               test/bleu 0.00039
wandb:         test/rouge_l_f1 0.13316
wandb:  test/rouge_l_precision 0.13114
wandb:                      +4 ...
wandb: 
wandb: 🚀 View run C2_rope at: https://wandb.ai/dnebhrajani-v/anlp-transformer-from-scratch/runs/0ao743u9
wandb: ⭐️ View project at: https://wandb.ai/dnebhrajani-v/anlp-transformer-from-scratch
wandb: Synced 5 W&B file(s), 0 media file(s), 0 artifact file(s) and 0 other file(s)
wandb: Find logs at: ./wandb/run-20260828_034449-0ao743u9/logs
