==========================================
SLURM_JOB_ID = 2680076
SLURM_NODELIST = gnode090
SLURM_JOB_GPUS = 0
==========================================
Starting training for config: C3
Using device: cuda
wandb: [wandb.login()] Loaded credentials for https://api.wandb.ai from /home2/dnebhrajani/.netrc.
wandb: Currently logged in as: dnebhrajani (dnebhrajani-v) to https://api.wandb.ai. Use `wandb login --relogin` to force relogin
wandb: setting up run 79xigfi0
wandb: Tracking run with wandb version 0.29.0
wandb: Run data is saved locally in /home2/dnebhrajani/assignments/wandb/run-20260828_041614-79xigfi0
wandb: Run `wandb offline` to turn off syncing.
wandb: Syncing run C3_gqa
wandb: ⭐️ View project at https://wandb.ai/dnebhrajani-v/anlp-transformer-from-scratch
wandb: 🚀 View run at https://wandb.ai/dnebhrajani-v/anlp-transformer-from-scratch/runs/79xigfi0
Loaded tokenizers: src vocab=400, tgt vocab=400
Source vocab size: 400
Target vocab size: 400
  Loaded encoded cache from /home2/dnebhrajani/assignments/outputs/encoded_cache/train.json (4000 samples)
  Loaded encoded cache from /home2/dnebhrajani/assignments/outputs/encoded_cache/val.json (500 samples)
  Loaded encoded cache from /home2/dnebhrajani/assignments/outputs/encoded_cache/test.json (500 samples)
Train: 4000, Val: 500, Test: 500
Model parameters: 6,497,168
Epoch   1/50 | Train Loss: 5.6802 | Val Loss: 5.3839 | LR: 5.00e-05 | Time: 43.8s | Mem: 5304MB
  -> Saved best model (val_loss=5.3839)
Epoch   2/50 | Train Loss: 4.8525 | Val Loss: 4.4560 | LR: 1.00e-04 | Time: 43.8s | Mem: 5303MB
  -> Saved best model (val_loss=4.4560)
Epoch   3/50 | Train Loss: 4.3126 | Val Loss: 4.2738 | LR: 9.99e-05 | Time: 44.1s | Mem: 5304MB
  -> Saved best model (val_loss=4.2738)
Epoch   4/50 | Train Loss: 4.1670 | Val Loss: 4.2098 | LR: 9.96e-05 | Time: 43.9s | Mem: 5304MB
  -> Saved best model (val_loss=4.2098)
Epoch   5/50 | Train Loss: 4.0918 | Val Loss: 4.1631 | LR: 9.90e-05 | Time: 44.5s | Mem: 5303MB
  -> Saved best model (val_loss=4.1631)
Epoch   6/50 | Train Loss: 4.0388 | Val Loss: 4.1333 | LR: 9.83e-05 | Time: 44.4s | Mem: 5304MB
  -> Saved best model (val_loss=4.1333)
Epoch   7/50 | Train Loss: 3.9954 | Val Loss: 4.1143 | LR: 9.73e-05 | Time: 44.6s | Mem: 5303MB
  -> Saved best model (val_loss=4.1143)
Epoch   8/50 | Train Loss: 3.9544 | Val Loss: 4.0904 | LR: 9.62e-05 | Time: 44.4s | Mem: 5303MB
  -> Saved best model (val_loss=4.0904)
Epoch   9/50 | Train Loss: 3.9129 | Val Loss: 4.0698 | LR: 9.48e-05 | Time: 44.5s | Mem: 5304MB
  -> Saved best model (val_loss=4.0698)
Epoch  10/50 | Train Loss: 3.8745 | Val Loss: 4.0449 | LR: 9.33e-05 | Time: 44.3s | Mem: 5304MB
  -> Saved best model (val_loss=4.0449)
Epoch  11/50 | Train Loss: 3.8352 | Val Loss: 4.0220 | LR: 9.16e-05 | Time: 44.6s | Mem: 5303MB
  -> Saved best model (val_loss=4.0220)
Epoch  12/50 | Train Loss: 3.7946 | Val Loss: 4.0043 | LR: 8.97e-05 | Time: 44.3s | Mem: 5304MB
  -> Saved best model (val_loss=4.0043)
Epoch  13/50 | Train Loss: 3.7558 | Val Loss: 3.9777 | LR: 8.76e-05 | Time: 44.7s | Mem: 5303MB
  -> Saved best model (val_loss=3.9777)
Epoch  14/50 | Train Loss: 3.7156 | Val Loss: 3.9526 | LR: 8.54e-05 | Time: 43.8s | Mem: 5303MB
  -> Saved best model (val_loss=3.9526)
Epoch  15/50 | Train Loss: 3.6796 | Val Loss: 3.9308 | LR: 8.30e-05 | Time: 44.4s | Mem: 5303MB
  -> Saved best model (val_loss=3.9308)
Epoch  16/50 | Train Loss: 3.6412 | Val Loss: 3.9109 | LR: 8.04e-05 | Time: 44.2s | Mem: 5303MB
  -> Saved best model (val_loss=3.9109)
Epoch  17/50 | Train Loss: 3.6055 | Val Loss: 3.8834 | LR: 7.78e-05 | Time: 44.6s | Mem: 5303MB
  -> Saved best model (val_loss=3.8834)
Epoch  18/50 | Train Loss: 3.5718 | Val Loss: 3.8687 | LR: 7.50e-05 | Time: 44.5s | Mem: 5303MB
  -> Saved best model (val_loss=3.8687)
Epoch  19/50 | Train Loss: 3.5407 | Val Loss: 3.8584 | LR: 7.21e-05 | Time: 44.4s | Mem: 5303MB
  -> Saved best model (val_loss=3.8584)
Epoch  20/50 | Train Loss: 3.5090 | Val Loss: 3.8295 | LR: 6.91e-05 | Time: 44.6s | Mem: 5303MB
  -> Saved best model (val_loss=3.8295)
Epoch  21/50 | Train Loss: 3.4793 | Val Loss: 3.8165 | LR: 6.61e-05 | Time: 44.2s | Mem: 5303MB
  -> Saved best model (val_loss=3.8165)
Epoch  22/50 | Train Loss: 3.4532 | Val Loss: 3.8046 | LR: 6.29e-05 | Time: 44.2s | Mem: 5304MB
  -> Saved best model (val_loss=3.8046)
Epoch  23/50 | Train Loss: 3.4258 | Val Loss: 3.7865 | LR: 5.98e-05 | Time: 44.3s | Mem: 5304MB
  -> Saved best model (val_loss=3.7865)
Epoch  24/50 | Train Loss: 3.4026 | Val Loss: 3.7739 | LR: 5.65e-05 | Time: 43.4s | Mem: 5304MB
  -> Saved best model (val_loss=3.7739)
Epoch  25/50 | Train Loss: 3.3781 | Val Loss: 3.7719 | LR: 5.33e-05 | Time: 43.5s | Mem: 5304MB
  -> Saved best model (val_loss=3.7719)
Epoch  26/50 | Train Loss: 3.3586 | Val Loss: 3.7508 | LR: 5.00e-05 | Time: 44.3s | Mem: 5304MB
  -> Saved best model (val_loss=3.7508)
Epoch  27/50 | Train Loss: 3.3379 | Val Loss: 3.7523 | LR: 4.67e-05 | Time: 44.2s | Mem: 5304MB
Epoch  28/50 | Train Loss: 3.3193 | Val Loss: 3.7404 | LR: 4.35e-05 | Time: 44.3s | Mem: 5304MB
  -> Saved best model (val_loss=3.7404)
Epoch  29/50 | Train Loss: 3.3021 | Val Loss: 3.7317 | LR: 4.02e-05 | Time: 44.5s | Mem: 5303MB
  -> Saved best model (val_loss=3.7317)
Epoch  30/50 | Train Loss: 3.2856 | Val Loss: 3.7277 | LR: 3.71e-05 | Time: 44.4s | Mem: 5303MB
  -> Saved best model (val_loss=3.7277)
Epoch  31/50 | Train Loss: 3.2708 | Val Loss: 3.7186 | LR: 3.39e-05 | Time: 44.4s | Mem: 5303MB
  -> Saved best model (val_loss=3.7186)
Epoch  32/50 | Train Loss: 3.2588 | Val Loss: 3.7171 | LR: 3.09e-05 | Time: 43.9s | Mem: 5303MB
  -> Saved best model (val_loss=3.7171)
Epoch  33/50 | Train Loss: 3.2451 | Val Loss: 3.7134 | LR: 2.79e-05 | Time: 44.6s | Mem: 5304MB
  -> Saved best model (val_loss=3.7134)
Epoch  34/50 | Train Loss: 3.2350 | Val Loss: 3.7060 | LR: 2.50e-05 | Time: 44.6s | Mem: 5304MB
  -> Saved best model (val_loss=3.7060)
Epoch  35/50 | Train Loss: 3.2247 | Val Loss: 3.7028 | LR: 2.22e-05 | Time: 44.4s | Mem: 5303MB
  -> Saved best model (val_loss=3.7028)
Epoch  36/50 | Train Loss: 3.2149 | Val Loss: 3.7017 | LR: 1.96e-05 | Time: 43.7s | Mem: 5303MB
  -> Saved best model (val_loss=3.7017)
Epoch  37/50 | Train Loss: 3.2079 | Val Loss: 3.6968 | LR: 1.70e-05 | Time: 44.4s | Mem: 5303MB
  -> Saved best model (val_loss=3.6968)
Epoch  38/50 | Train Loss: 3.2012 | Val Loss: 3.6932 | LR: 1.46e-05 | Time: 44.0s | Mem: 5304MB
  -> Saved best model (val_loss=3.6932)
Epoch  39/50 | Train Loss: 3.1954 | Val Loss: 3.6948 | LR: 1.24e-05 | Time: 44.4s | Mem: 5303MB
Epoch  40/50 | Train Loss: 3.1876 | Val Loss: 3.6884 | LR: 1.03e-05 | Time: 44.4s | Mem: 5303MB
  -> Saved best model (val_loss=3.6884)
Epoch  41/50 | Train Loss: 3.1818 | Val Loss: 3.6893 | LR: 8.43e-06 | Time: 44.5s | Mem: 5304MB
Epoch  42/50 | Train Loss: 3.1793 | Val Loss: 3.6883 | LR: 6.70e-06 | Time: 44.8s | Mem: 5304MB
  -> Saved best model (val_loss=3.6883)
Epoch  43/50 | Train Loss: 3.1765 | Val Loss: 3.6894 | LR: 5.16e-06 | Time: 44.5s | Mem: 5303MB
Epoch  44/50 | Train Loss: 3.1721 | Val Loss: 3.6859 | LR: 3.81e-06 | Time: 44.5s | Mem: 5304MB
  -> Saved best model (val_loss=3.6859)
Epoch  45/50 | Train Loss: 3.1716 | Val Loss: 3.6851 | LR: 2.65e-06 | Time: 44.4s | Mem: 5303MB
  -> Saved best model (val_loss=3.6851)
Epoch  46/50 | Train Loss: 3.1707 | Val Loss: 3.6855 | LR: 1.70e-06 | Time: 44.5s | Mem: 5303MB
Epoch  47/50 | Train Loss: 3.1684 | Val Loss: 3.6850 | LR: 9.61e-07 | Time: 44.7s | Mem: 5303MB
  -> Saved best model (val_loss=3.6850)
Epoch  48/50 | Train Loss: 3.1670 | Val Loss: 3.6854 | LR: 4.28e-07 | Time: 44.5s | Mem: 5304MB
Epoch  49/50 | Train Loss: 3.1664 | Val Loss: 3.6851 | LR: 1.07e-07 | Time: 44.3s | Mem: 5304MB
Epoch  50/50 | Train Loss: 3.1659 | Val Loss: 3.6852 | LR: 0.00e+00 | Time: 43.5s | Mem: 5303MB

=== Test Set Evaluation ===
  bit_level_accuracy: 0.6405
  sequence_accuracy: 0.0000
  avg_levenshtein: 648.4540
  bleu: 0.0002
  rouge_l_f1: 0.1154
  rouge_l_precision: 0.1109
  rouge_l_recall: 0.1322
wandb: updating run metadata
wandb: uploading output.log; uploading wandb-summary.json; uploading config.yaml
wandb: uploading output.log; uploading wandb-summary.json
wandb: uploading history steps 51-51, summary, console lines 102-108
wandb: 
wandb: Run history:
wandb:                   epoch ▁▁▁▁▂▂▂▂▂▂▃▃▃▃▃▄▄▄▄▄▄▅▅▅▅▆▆▆▆▆▆▇▇▇▇▇▇███
wandb:            epoch_time_s ▃▃▃▆▆▆▆▆▆█▆▅▇▇▆▅▅▆▁▁▅▅▇▆▆▇▇▆▃▆▆▆▆█▆▆▆▇▇▁
wandb:           learning_rate ▅████████▇▇▇▇▇▆▆▆▆▅▅▅▅▄▄▄▃▃▃▃▃▂▂▂▂▁▁▁▁▁▁
wandb:          num_parameters ▁
wandb:      peak_gpu_memory_mb ███▂█▂▅█▂█▂▁▂▂▁▂▂▇█▅▆█▆▂▁▁▇█▁▁▇▂▂█▁▂▁▂█▂
wandb:    test/avg_levenshtein ▁
wandb: test/bit_level_accuracy ▁
wandb:               test/bleu ▁
wandb:         test/rouge_l_f1 ▁
wandb:  test/rouge_l_precision ▁
wandb:                      +4 ...
wandb: 
wandb: Run summary:
wandb:                   epoch 50
wandb:            epoch_time_s 43.5097
wandb:           learning_rate 0
wandb:          num_parameters 6497168
wandb:      peak_gpu_memory_mb 5303.41064
wandb:    test/avg_levenshtein 648.454
wandb: test/bit_level_accuracy 0.64055
wandb:               test/bleu 0.0002
wandb:         test/rouge_l_f1 0.11544
wandb:  test/rouge_l_precision 0.11095
wandb:                      +4 ...
wandb: 
wandb: 🚀 View run C3_gqa at: https://wandb.ai/dnebhrajani-v/anlp-transformer-from-scratch/runs/79xigfi0
wandb: ⭐️ View project at: https://wandb.ai/dnebhrajani-v/anlp-transformer-from-scratch
wandb: Synced 5 W&B file(s), 0 media file(s), 0 artifact file(s) and 0 other file(s)
wandb: Find logs at: ./wandb/run-20260828_041614-79xigfi0/logs
