==========================================
SLURM_JOB_ID = 2685447
SLURM_NODELIST = gnode056
SLURM_JOB_GPUS = 2
==========================================
Starting training for config: C3
Using device: cuda
wandb: [wandb.login()] Loaded credentials for https://api.wandb.ai from /home2/dnebhrajani/.netrc.
wandb: Currently logged in as: dnebhrajani (dnebhrajani-v) to https://api.wandb.ai. Use `wandb login --relogin` to force relogin
wandb: setting up run uxlff468
wandb: Tracking run with wandb version 0.29.0
wandb: Run data is saved locally in /home2/dnebhrajani/transformer-from-scratch/wandb/run-20260902_055837-uxlff468
wandb: Run `wandb offline` to turn off syncing.
wandb: Syncing run C3_gqa
wandb: ⭐️ View project at https://wandb.ai/dnebhrajani-v/anlp-transformer-from-scratch
wandb: 🚀 View run at https://wandb.ai/dnebhrajani-v/anlp-transformer-from-scratch/runs/uxlff468
Loaded tokenizers: src vocab=4000, tgt vocab=4000
Source vocab size: 4000
Target vocab size: 4000
  train: 19949 segments (segment_bytes=128)
  val: 2813 segments (segment_bytes=128)
  test: 2842 segments (segment_bytes=128)

============================================================
TOKENIZER ROUND-TRIP TEST
============================================================

SOURCE / CIPHERTEXT
Cipher bits:  1024
Cipher bytes: 128
Token count:  52
Round-trip:   True

TARGET / PLAINTEXT
Plain length: 128
Token count:  34
Round-trip:   True

============================================================
  Loaded encoded cache from /home2/dnebhrajani/transformer-from-scratch/outputs/encoded_cache/train.json (19949 samples)
  Loaded encoded cache from /home2/dnebhrajani/transformer-from-scratch/outputs/encoded_cache/val.json (2813 samples)
  Loaded encoded cache from /home2/dnebhrajani/transformer-from-scratch/outputs/encoded_cache/test.json (2842 samples)
Train: 19949, Val: 2813, Test: 2842
Model parameters: 9,265,568
Epoch   1/100 | Train Loss: 7.0185 | Val Loss: 6.4371 | LR: 3.00e-04 | Time: 41.2s | Mem: 1455MB
  -> Saved best model (val_loss=6.4371)
Epoch   2/100 | Train Loss: 5.8038 | Val Loss: 5.4984 | LR: 3.00e-04 | Time: 42.2s | Mem: 1457MB
  -> Saved best model (val_loss=5.4984)
Epoch   3/100 | Train Loss: 4.8662 | Val Loss: 4.8661 | LR: 3.00e-04 | Time: 42.1s | Mem: 1457MB
  -> Saved best model (val_loss=4.8661)
Epoch   4/100 | Train Loss: 4.1479 | Val Loss: 4.1836 | LR: 2.99e-04 | Time: 42.0s | Mem: 1454MB
  -> Saved best model (val_loss=4.1836)
Epoch   5/100 | Train Loss: 3.4239 | Val Loss: 3.4085 | LR: 2.99e-04 | Time: 42.1s | Mem: 1457MB
  -> Saved best model (val_loss=3.4085)
Epoch   6/100 | Train Loss: 2.7763 | Val Loss: 2.8257 | LR: 2.98e-04 | Time: 42.2s | Mem: 1457MB
  -> Saved best model (val_loss=2.8257)
Epoch   7/100 | Train Loss: 2.3308 | Val Loss: 2.4324 | LR: 2.97e-04 | Time: 41.0s | Mem: 1454MB
  -> Saved best model (val_loss=2.4324)
Epoch   8/100 | Train Loss: 2.0579 | Val Loss: 2.2355 | LR: 2.96e-04 | Time: 42.1s | Mem: 1454MB
  -> Saved best model (val_loss=2.2355)
Epoch   9/100 | Train Loss: 1.8888 | Val Loss: 2.1109 | LR: 2.95e-04 | Time: 42.3s | Mem: 1456MB
  -> Saved best model (val_loss=2.1109)
Epoch  10/100 | Train Loss: 1.7718 | Val Loss: 2.0062 | LR: 2.94e-04 | Time: 41.9s | Mem: 1458MB
  -> Saved best model (val_loss=2.0062)
Epoch  11/100 | Train Loss: 1.6864 | Val Loss: 1.9323 | LR: 2.92e-04 | Time: 42.1s | Mem: 1458MB
  -> Saved best model (val_loss=1.9323)
Epoch  12/100 | Train Loss: 1.6250 | Val Loss: 1.8860 | LR: 2.91e-04 | Time: 42.0s | Mem: 1454MB
  -> Saved best model (val_loss=1.8860)
Epoch  13/100 | Train Loss: 1.5757 | Val Loss: 1.8419 | LR: 2.89e-04 | Time: 42.2s | Mem: 1457MB
  -> Saved best model (val_loss=1.8419)
Epoch  14/100 | Train Loss: 1.5360 | Val Loss: 1.8374 | LR: 2.87e-04 | Time: 42.3s | Mem: 1457MB
  -> Saved best model (val_loss=1.8374)
Epoch  15/100 | Train Loss: 1.5035 | Val Loss: 1.7994 | LR: 2.85e-04 | Time: 42.1s | Mem: 1457MB
  -> Saved best model (val_loss=1.7994)
Epoch  16/100 | Train Loss: 1.4756 | Val Loss: 1.7673 | LR: 2.83e-04 | Time: 41.9s | Mem: 1454MB
  -> Saved best model (val_loss=1.7673)
Epoch  17/100 | Train Loss: 1.4520 | Val Loss: 1.7574 | LR: 2.81e-04 | Time: 42.1s | Mem: 1455MB
  -> Saved best model (val_loss=1.7574)
Epoch  18/100 | Train Loss: 1.4326 | Val Loss: 1.7387 | LR: 2.78e-04 | Time: 35.1s | Mem: 1457MB
  -> Saved best model (val_loss=1.7387)
Epoch  19/100 | Train Loss: 1.4172 | Val Loss: 1.7294 | LR: 2.76e-04 | Time: 41.5s | Mem: 1458MB
  -> Saved best model (val_loss=1.7294)
Epoch  20/100 | Train Loss: 1.4010 | Val Loss: 1.7158 | LR: 2.73e-04 | Time: 42.2s | Mem: 1458MB
  -> Saved best model (val_loss=1.7158)
Epoch  21/100 | Train Loss: 1.3888 | Val Loss: 1.7012 | LR: 2.70e-04 | Time: 41.3s | Mem: 1456MB
  -> Saved best model (val_loss=1.7012)
Epoch  22/100 | Train Loss: 1.3762 | Val Loss: 1.6941 | LR: 2.67e-04 | Time: 42.1s | Mem: 1455MB
  -> Saved best model (val_loss=1.6941)
Epoch  23/100 | Train Loss: 1.3667 | Val Loss: 1.6888 | LR: 2.64e-04 | Time: 42.3s | Mem: 1457MB
  -> Saved best model (val_loss=1.6888)
Epoch  24/100 | Train Loss: 1.3583 | Val Loss: 1.6892 | LR: 2.61e-04 | Time: 42.0s | Mem: 1458MB
Epoch  25/100 | Train Loss: 1.3499 | Val Loss: 1.6718 | LR: 2.58e-04 | Time: 40.1s | Mem: 1458MB
  -> Saved best model (val_loss=1.6718)
Epoch  26/100 | Train Loss: 1.3408 | Val Loss: 1.6673 | LR: 2.55e-04 | Time: 41.5s | Mem: 1455MB
  -> Saved best model (val_loss=1.6673)
Epoch  27/100 | Train Loss: 1.3342 | Val Loss: 1.6580 | LR: 2.51e-04 | Time: 42.3s | Mem: 1458MB
  -> Saved best model (val_loss=1.6580)
Epoch  28/100 | Train Loss: 1.3277 | Val Loss: 1.6513 | LR: 2.48e-04 | Time: 41.3s | Mem: 1458MB
  -> Saved best model (val_loss=1.6513)
Epoch  29/100 | Train Loss: 1.3219 | Val Loss: 1.6494 | LR: 2.44e-04 | Time: 40.9s | Mem: 1458MB
  -> Saved best model (val_loss=1.6494)
Epoch  30/100 | Train Loss: 1.3181 | Val Loss: 1.6389 | LR: 2.40e-04 | Time: 41.7s | Mem: 1457MB
  -> Saved best model (val_loss=1.6389)
Epoch  31/100 | Train Loss: 1.3108 | Val Loss: 1.6326 | LR: 2.36e-04 | Time: 42.3s | Mem: 1455MB
  -> Saved best model (val_loss=1.6326)
Epoch  32/100 | Train Loss: 1.3065 | Val Loss: 1.6293 | LR: 2.33e-04 | Time: 42.1s | Mem: 1458MB
  -> Saved best model (val_loss=1.6293)
Epoch  33/100 | Train Loss: 1.3032 | Val Loss: 1.6344 | LR: 2.29e-04 | Time: 41.3s | Mem: 1456MB
Epoch  34/100 | Train Loss: 1.2979 | Val Loss: 1.6127 | LR: 2.24e-04 | Time: 41.6s | Mem: 1457MB
  -> Saved best model (val_loss=1.6127)
Epoch  35/100 | Train Loss: 1.2943 | Val Loss: 1.6129 | LR: 2.20e-04 | Time: 41.6s | Mem: 1456MB
Epoch  36/100 | Train Loss: 1.2909 | Val Loss: 1.6108 | LR: 2.16e-04 | Time: 38.9s | Mem: 1454MB
  -> Saved best model (val_loss=1.6108)
Epoch  37/100 | Train Loss: 1.2858 | Val Loss: 1.6049 | LR: 2.12e-04 | Time: 40.3s | Mem: 1454MB
  -> Saved best model (val_loss=1.6049)
Epoch  38/100 | Train Loss: 1.2824 | Val Loss: 1.6065 | LR: 2.07e-04 | Time: 41.9s | Mem: 1457MB
Epoch  39/100 | Train Loss: 1.2804 | Val Loss: 1.6010 | LR: 2.03e-04 | Time: 41.9s | Mem: 1457MB
  -> Saved best model (val_loss=1.6010)
Epoch  40/100 | Train Loss: 1.2779 | Val Loss: 1.5902 | LR: 1.99e-04 | Time: 42.4s | Mem: 1455MB
  -> Saved best model (val_loss=1.5902)
Epoch  41/100 | Train Loss: 1.2748 | Val Loss: 1.5872 | LR: 1.94e-04 | Time: 41.8s | Mem: 1458MB
  -> Saved best model (val_loss=1.5872)
Epoch  42/100 | Train Loss: 1.2709 | Val Loss: 1.5814 | LR: 1.89e-04 | Time: 39.7s | Mem: 1454MB
  -> Saved best model (val_loss=1.5814)
Epoch  43/100 | Train Loss: 1.2673 | Val Loss: 1.5804 | LR: 1.85e-04 | Time: 42.1s | Mem: 1454MB
  -> Saved best model (val_loss=1.5804)
Epoch  44/100 | Train Loss: 1.2658 | Val Loss: 1.5754 | LR: 1.80e-04 | Time: 42.2s | Mem: 1456MB
  -> Saved best model (val_loss=1.5754)
Epoch  45/100 | Train Loss: 1.2638 | Val Loss: 1.5749 | LR: 1.76e-04 | Time: 42.2s | Mem: 1458MB
  -> Saved best model (val_loss=1.5749)
Epoch  46/100 | Train Loss: 1.2609 | Val Loss: 1.5712 | LR: 1.71e-04 | Time: 42.5s | Mem: 1458MB
  -> Saved best model (val_loss=1.5712)
Epoch  47/100 | Train Loss: 1.2589 | Val Loss: 1.5729 | LR: 1.66e-04 | Time: 30.7s | Mem: 1458MB
Epoch  48/100 | Train Loss: 1.2564 | Val Loss: 1.5586 | LR: 1.61e-04 | Time: 30.3s | Mem: 1455MB
  -> Saved best model (val_loss=1.5586)
Epoch  49/100 | Train Loss: 1.2543 | Val Loss: 1.5583 | LR: 1.57e-04 | Time: 42.0s | Mem: 1458MB
  -> Saved best model (val_loss=1.5583)
Epoch  50/100 | Train Loss: 1.2531 | Val Loss: 1.5572 | LR: 1.52e-04 | Time: 42.4s | Mem: 1457MB
  -> Saved best model (val_loss=1.5572)
Epoch  51/100 | Train Loss: 1.2509 | Val Loss: 1.5548 | LR: 1.47e-04 | Time: 42.1s | Mem: 1456MB
  -> Saved best model (val_loss=1.5548)
Epoch  52/100 | Train Loss: 1.2490 | Val Loss: 1.5481 | LR: 1.42e-04 | Time: 42.0s | Mem: 1458MB
  -> Saved best model (val_loss=1.5481)
Epoch  53/100 | Train Loss: 1.2471 | Val Loss: 1.5471 | LR: 1.38e-04 | Time: 42.1s | Mem: 1455MB
  -> Saved best model (val_loss=1.5471)
Epoch  54/100 | Train Loss: 1.2455 | Val Loss: 1.5474 | LR: 1.33e-04 | Time: 41.8s | Mem: 1457MB
Epoch  55/100 | Train Loss: 1.2433 | Val Loss: 1.5489 | LR: 1.28e-04 | Time: 41.8s | Mem: 1455MB
Epoch  56/100 | Train Loss: 1.2413 | Val Loss: 1.5431 | LR: 1.24e-04 | Time: 42.1s | Mem: 1454MB
  -> Saved best model (val_loss=1.5431)
Epoch  57/100 | Train Loss: 1.2404 | Val Loss: 1.5392 | LR: 1.19e-04 | Time: 40.9s | Mem: 1457MB
  -> Saved best model (val_loss=1.5392)
Epoch  58/100 | Train Loss: 1.2394 | Val Loss: 1.5344 | LR: 1.14e-04 | Time: 36.8s | Mem: 1457MB
  -> Saved best model (val_loss=1.5344)
Epoch  59/100 | Train Loss: 1.2377 | Val Loss: 1.5338 | LR: 1.10e-04 | Time: 41.8s | Mem: 1455MB
  -> Saved best model (val_loss=1.5338)
Epoch  60/100 | Train Loss: 1.2364 | Val Loss: 1.5347 | LR: 1.05e-04 | Time: 41.8s | Mem: 1454MB
Epoch  61/100 | Train Loss: 1.2351 | Val Loss: 1.5270 | LR: 1.01e-04 | Time: 42.2s | Mem: 1455MB
  -> Saved best model (val_loss=1.5270)
Epoch  62/100 | Train Loss: 1.2336 | Val Loss: 1.5306 | LR: 9.61e-05 | Time: 42.0s | Mem: 1458MB
Epoch  63/100 | Train Loss: 1.2329 | Val Loss: 1.5259 | LR: 9.17e-05 | Time: 42.4s | Mem: 1457MB
  -> Saved best model (val_loss=1.5259)
Epoch  64/100 | Train Loss: 1.2317 | Val Loss: 1.5219 | LR: 8.74e-05 | Time: 40.4s | Mem: 1455MB
  -> Saved best model (val_loss=1.5219)
Epoch  65/100 | Train Loss: 1.2302 | Val Loss: 1.5238 | LR: 8.31e-05 | Time: 42.1s | Mem: 1458MB
Epoch  66/100 | Train Loss: 1.2292 | Val Loss: 1.5168 | LR: 7.89e-05 | Time: 41.7s | Mem: 1456MB
  -> Saved best model (val_loss=1.5168)
Epoch  67/100 | Train Loss: 1.2282 | Val Loss: 1.5215 | LR: 7.47e-05 | Time: 42.1s | Mem: 1457MB
Epoch  68/100 | Train Loss: 1.2271 | Val Loss: 1.5123 | LR: 7.07e-05 | Time: 42.0s | Mem: 1458MB
  -> Saved best model (val_loss=1.5123)
Epoch  69/100 | Train Loss: 1.2264 | Val Loss: 1.5115 | LR: 6.67e-05 | Time: 42.1s | Mem: 1457MB
  -> Saved best model (val_loss=1.5115)
Epoch  70/100 | Train Loss: 1.2255 | Val Loss: 1.5120 | LR: 6.28e-05 | Time: 42.1s | Mem: 1457MB
Epoch  71/100 | Train Loss: 1.2248 | Val Loss: 1.5103 | LR: 5.89e-05 | Time: 42.1s | Mem: 1455MB
  -> Saved best model (val_loss=1.5103)
Epoch  72/100 | Train Loss: 1.2240 | Val Loss: 1.5088 | LR: 5.52e-05 | Time: 41.7s | Mem: 1457MB
  -> Saved best model (val_loss=1.5088)
Epoch  73/100 | Train Loss: 1.2231 | Val Loss: 1.5077 | LR: 5.16e-05 | Time: 42.1s | Mem: 1456MB
  -> Saved best model (val_loss=1.5077)
Epoch  74/100 | Train Loss: 1.2225 | Val Loss: 1.5086 | LR: 4.80e-05 | Time: 42.1s | Mem: 1457MB
Epoch  75/100 | Train Loss: 1.2217 | Val Loss: 1.5057 | LR: 4.46e-05 | Time: 41.5s | Mem: 1458MB
  -> Saved best model (val_loss=1.5057)
Epoch  76/100 | Train Loss: 1.2215 | Val Loss: 1.5061 | LR: 4.13e-05 | Time: 41.7s | Mem: 1457MB
Epoch  77/100 | Train Loss: 1.2205 | Val Loss: 1.5055 | LR: 3.81e-05 | Time: 40.4s | Mem: 1457MB
  -> Saved best model (val_loss=1.5055)
Epoch  78/100 | Train Loss: 1.2200 | Val Loss: 1.5049 | LR: 3.50e-05 | Time: 41.6s | Mem: 1458MB
  -> Saved best model (val_loss=1.5049)
Epoch  79/100 | Train Loss: 1.2196 | Val Loss: 1.5034 | LR: 3.20e-05 | Time: 42.6s | Mem: 1457MB
  -> Saved best model (val_loss=1.5034)
Epoch  80/100 | Train Loss: 1.2190 | Val Loss: 1.5031 | LR: 2.91e-05 | Time: 41.4s | Mem: 1458MB
  -> Saved best model (val_loss=1.5031)
Epoch  81/100 | Train Loss: 1.2185 | Val Loss: 1.5022 | LR: 2.63e-05 | Time: 42.1s | Mem: 1457MB
  -> Saved best model (val_loss=1.5022)
Epoch  82/100 | Train Loss: 1.2181 | Val Loss: 1.5008 | LR: 2.37e-05 | Time: 42.0s | Mem: 1457MB
  -> Saved best model (val_loss=1.5008)
Epoch  83/100 | Train Loss: 1.2177 | Val Loss: 1.5014 | LR: 2.12e-05 | Time: 41.6s | Mem: 1457MB
Epoch  84/100 | Train Loss: 1.2174 | Val Loss: 1.5011 | LR: 1.88e-05 | Time: 41.6s | Mem: 1458MB
Epoch  85/100 | Train Loss: 1.2172 | Val Loss: 1.4999 | LR: 1.66e-05 | Time: 42.3s | Mem: 1458MB
  -> Saved best model (val_loss=1.4999)
Epoch  86/100 | Train Loss: 1.2168 | Val Loss: 1.4998 | LR: 1.45e-05 | Time: 41.8s | Mem: 1458MB
  -> Saved best model (val_loss=1.4998)
Epoch  87/100 | Train Loss: 1.2166 | Val Loss: 1.4996 | LR: 1.25e-05 | Time: 42.2s | Mem: 1456MB
  -> Saved best model (val_loss=1.4996)
Epoch  88/100 | Train Loss: 1.2164 | Val Loss: 1.4995 | LR: 1.07e-05 | Time: 42.0s | Mem: 1458MB
  -> Saved best model (val_loss=1.4995)
Epoch  89/100 | Train Loss: 1.2161 | Val Loss: 1.4987 | LR: 9.01e-06 | Time: 42.5s | Mem: 1457MB
  -> Saved best model (val_loss=1.4987)
Epoch  90/100 | Train Loss: 1.2161 | Val Loss: 1.4999 | LR: 7.46e-06 | Time: 41.4s | Mem: 1457MB
Epoch  91/100 | Train Loss: 1.2159 | Val Loss: 1.4990 | LR: 6.05e-06 | Time: 42.2s | Mem: 1457MB
Epoch  92/100 | Train Loss: 1.2157 | Val Loss: 1.4982 | LR: 4.79e-06 | Time: 41.6s | Mem: 1458MB
  -> Saved best model (val_loss=1.4982)
Epoch  93/100 | Train Loss: 1.2156 | Val Loss: 1.4983 | LR: 3.67e-06 | Time: 41.5s | Mem: 1456MB
Epoch  94/100 | Train Loss: 1.2155 | Val Loss: 1.4982 | LR: 2.70e-06 | Time: 38.7s | Mem: 1458MB
  -> Saved best model (val_loss=1.4982)
Epoch  95/100 | Train Loss: 1.2153 | Val Loss: 1.4977 | LR: 1.88e-06 | Time: 41.9s | Mem: 1458MB
  -> Saved best model (val_loss=1.4977)
Epoch  96/100 | Train Loss: 1.2154 | Val Loss: 1.4976 | LR: 1.20e-06 | Time: 41.1s | Mem: 1457MB
  -> Saved best model (val_loss=1.4976)
Epoch  97/100 | Train Loss: 1.2153 | Val Loss: 1.4975 | LR: 6.76e-07 | Time: 42.3s | Mem: 1454MB
  -> Saved best model (val_loss=1.4975)
Epoch  98/100 | Train Loss: 1.2153 | Val Loss: 1.4976 | LR: 3.01e-07 | Time: 39.7s | Mem: 1457MB
Epoch  99/100 | Train Loss: 1.2153 | Val Loss: 1.4977 | LR: 7.52e-08 | Time: 29.7s | Mem: 1457MB
Epoch 100/100 | Train Loss: 1.2153 | Val Loss: 1.4976 | LR: 0.00e+00 | Time: 41.5s | Mem: 1454MB

=== Test Set Evaluation ===
  bit_level_accuracy: 0.9309
  char_level_accuracy: 0.8081
  sequence_accuracy: 0.3684
  avg_levenshtein: 2.3385
  bleu: 0.8558
  rouge_l_f1: 0.9419
  rouge_l_precision: 0.9422
  rouge_l_recall: 0.9418
wandb: updating run metadata
wandb: uploading config.yaml; uploading output.log; uploading wandb-summary.json
wandb: uploading config.yaml; uploading output.log
wandb: uploading config.yaml; uploading output.log; uploading history steps 101-101, summary, console lines 208-215
wandb: uploading data
wandb: 
wandb: Run history:
wandb:                    epoch ▁▁▁▁▁▂▂▂▂▂▃▃▃▃▃▄▄▄▄▄▅▅▅▅▅▆▆▆▆▆▇▇▇▇▇█████
wandb:             epoch_time_s ▇████▇█▇███▇▆██▁████▅██▇██████▇████▇▇█▆▇
wandb:            learning_rate ██████▇▇▇▇▇▇▇▆▆▆▆▆▅▅▅▅▄▄▄▃▃▃▃▂▂▂▂▁▁▁▁▁▁▁
wandb:           num_parameters ▁
wandb:       peak_gpu_memory_mb ▃▁▇▁▄▁▂█▃▇█▇▅▁▁▇▃▁▁▄█▃▇▄▃▃▇▇▇▄▆▇█▇▇▆██▁▁
wandb:     test/avg_levenshtein ▁
wandb:  test/bit_level_accuracy ▁
wandb:                test/bleu ▁
wandb: test/char_level_accuracy ▁
wandb:          test/rouge_l_f1 ▁
wandb:                       +5 ...
wandb: 
wandb: Run summary:
wandb:                    epoch 100
wandb:             epoch_time_s 41.50969
wandb:            learning_rate 0
wandb:           num_parameters 9265568
wandb:       peak_gpu_memory_mb 1454.36279
wandb:     test/avg_levenshtein 2.33849
wandb:  test/bit_level_accuracy 0.93093
wandb:                test/bleu 0.85583
wandb: test/char_level_accuracy 0.80806
wandb:          test/rouge_l_f1 0.94194
wandb:                       +5 ...
wandb: 
wandb: 🚀 View run C3_gqa at: https://wandb.ai/dnebhrajani-v/anlp-transformer-from-scratch/runs/uxlff468
wandb: ⭐️ View project at: https://wandb.ai/dnebhrajani-v/anlp-transformer-from-scratch
wandb: Synced 5 W&B file(s), 0 media file(s), 0 artifact file(s) and 0 other file(s)
wandb: Find logs at: ./wandb/run-20260902_055837-uxlff468/logs
