==========================================
SLURM_JOB_ID = 2685448
SLURM_NODELIST = gnode056
SLURM_JOB_GPUS = 2
==========================================
Starting training for config: C4
Using device: cuda
wandb: [wandb.login()] Loaded credentials for https://api.wandb.ai from /home2/dnebhrajani/.netrc.
wandb: Currently logged in as: dnebhrajani (dnebhrajani-v) to https://api.wandb.ai. Use `wandb login --relogin` to force relogin
wandb: setting up run wuveot60
wandb: Tracking run with wandb version 0.29.0
wandb: Run data is saved locally in /home2/dnebhrajani/transformer-from-scratch/wandb/run-20260902_070910-wuveot60
wandb: Run `wandb offline` to turn off syncing.
wandb: Syncing run C4_rmsnorm
wandb: ⭐️ View project at https://wandb.ai/dnebhrajani-v/anlp-transformer-from-scratch
wandb: 🚀 View run at https://wandb.ai/dnebhrajani-v/anlp-transformer-from-scratch/runs/wuveot60
Loaded tokenizers: src vocab=4000, tgt vocab=4000
Source vocab size: 4000
Target vocab size: 4000
  train: 19949 segments (segment_bytes=128)
  val: 2813 segments (segment_bytes=128)
  test: 2842 segments (segment_bytes=128)

============================================================
TOKENIZER ROUND-TRIP TEST
============================================================

SOURCE / CIPHERTEXT
Cipher bits:  1024
Cipher bytes: 128
Token count:  52
Round-trip:   True

TARGET / PLAINTEXT
Plain length: 128
Token count:  34
Round-trip:   True

============================================================
  Loaded encoded cache from /home2/dnebhrajani/transformer-from-scratch/outputs/encoded_cache/train.json (19949 samples)
  Loaded encoded cache from /home2/dnebhrajani/transformer-from-scratch/outputs/encoded_cache/val.json (2813 samples)
  Loaded encoded cache from /home2/dnebhrajani/transformer-from-scratch/outputs/encoded_cache/test.json (2842 samples)
Train: 19949, Val: 2813, Test: 2842
Model parameters: 10,444,192
Epoch   1/100 | Train Loss: 7.0132 | Val Loss: 6.4455 | LR: 3.00e-04 | Time: 41.5s | Mem: 1393MB
  -> Saved best model (val_loss=6.4455)
Epoch   2/100 | Train Loss: 5.7393 | Val Loss: 5.4259 | LR: 3.00e-04 | Time: 38.2s | Mem: 1393MB
  -> Saved best model (val_loss=5.4259)
Epoch   3/100 | Train Loss: 4.7331 | Val Loss: 4.6476 | LR: 3.00e-04 | Time: 38.5s | Mem: 1393MB
  -> Saved best model (val_loss=4.6476)
Epoch   4/100 | Train Loss: 3.9162 | Val Loss: 3.9014 | LR: 2.99e-04 | Time: 38.9s | Mem: 1393MB
  -> Saved best model (val_loss=3.9014)
Epoch   5/100 | Train Loss: 3.1014 | Val Loss: 3.0765 | LR: 2.99e-04 | Time: 40.7s | Mem: 1393MB
  -> Saved best model (val_loss=3.0765)
Epoch   6/100 | Train Loss: 2.4849 | Val Loss: 2.5900 | LR: 2.98e-04 | Time: 39.2s | Mem: 1393MB
  -> Saved best model (val_loss=2.5900)
Epoch   7/100 | Train Loss: 2.1293 | Val Loss: 2.2747 | LR: 2.97e-04 | Time: 39.1s | Mem: 1393MB
  -> Saved best model (val_loss=2.2747)
Epoch   8/100 | Train Loss: 1.9247 | Val Loss: 2.1346 | LR: 2.96e-04 | Time: 39.9s | Mem: 1393MB
  -> Saved best model (val_loss=2.1346)
Epoch   9/100 | Train Loss: 1.7913 | Val Loss: 2.0247 | LR: 2.95e-04 | Time: 39.3s | Mem: 1393MB
  -> Saved best model (val_loss=2.0247)
Epoch  10/100 | Train Loss: 1.6996 | Val Loss: 1.9539 | LR: 2.94e-04 | Time: 39.8s | Mem: 1393MB
  -> Saved best model (val_loss=1.9539)
Epoch  11/100 | Train Loss: 1.6302 | Val Loss: 1.8902 | LR: 2.92e-04 | Time: 38.7s | Mem: 1393MB
  -> Saved best model (val_loss=1.8902)
Epoch  12/100 | Train Loss: 1.5763 | Val Loss: 1.8565 | LR: 2.91e-04 | Time: 29.6s | Mem: 1393MB
  -> Saved best model (val_loss=1.8565)
Epoch  13/100 | Train Loss: 1.5342 | Val Loss: 1.8217 | LR: 2.89e-04 | Time: 36.3s | Mem: 1393MB
  -> Saved best model (val_loss=1.8217)
Epoch  14/100 | Train Loss: 1.4979 | Val Loss: 1.7941 | LR: 2.87e-04 | Time: 37.3s | Mem: 1393MB
  -> Saved best model (val_loss=1.7941)
Epoch  15/100 | Train Loss: 1.4689 | Val Loss: 1.7790 | LR: 2.85e-04 | Time: 39.3s | Mem: 1393MB
  -> Saved best model (val_loss=1.7790)
Epoch  16/100 | Train Loss: 1.4455 | Val Loss: 1.7531 | LR: 2.83e-04 | Time: 39.0s | Mem: 1393MB
  -> Saved best model (val_loss=1.7531)
Epoch  17/100 | Train Loss: 1.4248 | Val Loss: 1.7388 | LR: 2.81e-04 | Time: 36.8s | Mem: 1393MB
  -> Saved best model (val_loss=1.7388)
Epoch  18/100 | Train Loss: 1.4084 | Val Loss: 1.7274 | LR: 2.78e-04 | Time: 39.4s | Mem: 1392MB
  -> Saved best model (val_loss=1.7274)
Epoch  19/100 | Train Loss: 1.3933 | Val Loss: 1.7204 | LR: 2.76e-04 | Time: 40.1s | Mem: 1393MB
  -> Saved best model (val_loss=1.7204)
Epoch  20/100 | Train Loss: 1.3793 | Val Loss: 1.7000 | LR: 2.73e-04 | Time: 38.3s | Mem: 1393MB
  -> Saved best model (val_loss=1.7000)
Epoch  21/100 | Train Loss: 1.3688 | Val Loss: 1.6848 | LR: 2.70e-04 | Time: 38.7s | Mem: 1393MB
  -> Saved best model (val_loss=1.6848)
Epoch  22/100 | Train Loss: 1.3573 | Val Loss: 1.6777 | LR: 2.67e-04 | Time: 39.8s | Mem: 1393MB
  -> Saved best model (val_loss=1.6777)
Epoch  23/100 | Train Loss: 1.3473 | Val Loss: 1.6725 | LR: 2.64e-04 | Time: 41.1s | Mem: 1393MB
  -> Saved best model (val_loss=1.6725)
Epoch  24/100 | Train Loss: 1.3393 | Val Loss: 1.6464 | LR: 2.61e-04 | Time: 40.3s | Mem: 1393MB
  -> Saved best model (val_loss=1.6464)
Epoch  25/100 | Train Loss: 1.3322 | Val Loss: 1.6440 | LR: 2.58e-04 | Time: 39.2s | Mem: 1394MB
  -> Saved best model (val_loss=1.6440)
Epoch  26/100 | Train Loss: 1.3247 | Val Loss: 1.6317 | LR: 2.55e-04 | Time: 37.4s | Mem: 1393MB
  -> Saved best model (val_loss=1.6317)
Epoch  27/100 | Train Loss: 1.3158 | Val Loss: 1.6212 | LR: 2.51e-04 | Time: 37.8s | Mem: 1393MB
  -> Saved best model (val_loss=1.6212)
Epoch  28/100 | Train Loss: 1.3115 | Val Loss: 1.6019 | LR: 2.48e-04 | Time: 39.5s | Mem: 1393MB
  -> Saved best model (val_loss=1.6019)
Epoch  29/100 | Train Loss: 1.3049 | Val Loss: 1.5968 | LR: 2.44e-04 | Time: 38.0s | Mem: 1393MB
  -> Saved best model (val_loss=1.5968)
Epoch  30/100 | Train Loss: 1.3006 | Val Loss: 1.5867 | LR: 2.40e-04 | Time: 41.3s | Mem: 1393MB
  -> Saved best model (val_loss=1.5867)
Epoch  31/100 | Train Loss: 1.2957 | Val Loss: 1.5805 | LR: 2.36e-04 | Time: 38.6s | Mem: 1393MB
  -> Saved best model (val_loss=1.5805)
Epoch  32/100 | Train Loss: 1.2889 | Val Loss: 1.5663 | LR: 2.33e-04 | Time: 41.0s | Mem: 1394MB
  -> Saved best model (val_loss=1.5663)
Epoch  33/100 | Train Loss: 1.2856 | Val Loss: 1.5624 | LR: 2.29e-04 | Time: 40.5s | Mem: 1393MB
  -> Saved best model (val_loss=1.5624)
Epoch  34/100 | Train Loss: 1.2813 | Val Loss: 1.5501 | LR: 2.24e-04 | Time: 41.9s | Mem: 1393MB
  -> Saved best model (val_loss=1.5501)
Epoch  35/100 | Train Loss: 1.2772 | Val Loss: 1.5457 | LR: 2.20e-04 | Time: 38.7s | Mem: 1392MB
  -> Saved best model (val_loss=1.5457)
Epoch  36/100 | Train Loss: 1.2738 | Val Loss: 1.5384 | LR: 2.16e-04 | Time: 38.5s | Mem: 1393MB
  -> Saved best model (val_loss=1.5384)
Epoch  37/100 | Train Loss: 1.2705 | Val Loss: 1.5279 | LR: 2.12e-04 | Time: 41.2s | Mem: 1392MB
  -> Saved best model (val_loss=1.5279)
Epoch  38/100 | Train Loss: 1.2667 | Val Loss: 1.5227 | LR: 2.07e-04 | Time: 37.1s | Mem: 1393MB
  -> Saved best model (val_loss=1.5227)
Epoch  39/100 | Train Loss: 1.2636 | Val Loss: 1.5199 | LR: 2.03e-04 | Time: 41.3s | Mem: 1394MB
  -> Saved best model (val_loss=1.5199)
Epoch  40/100 | Train Loss: 1.2607 | Val Loss: 1.5253 | LR: 1.99e-04 | Time: 40.6s | Mem: 1393MB
Epoch  41/100 | Train Loss: 1.2574 | Val Loss: 1.5103 | LR: 1.94e-04 | Time: 41.4s | Mem: 1393MB
  -> Saved best model (val_loss=1.5103)
Epoch  42/100 | Train Loss: 1.2549 | Val Loss: 1.5025 | LR: 1.89e-04 | Time: 39.5s | Mem: 1392MB
  -> Saved best model (val_loss=1.5025)
Epoch  43/100 | Train Loss: 1.2542 | Val Loss: 1.5013 | LR: 1.85e-04 | Time: 40.2s | Mem: 1392MB
  -> Saved best model (val_loss=1.5013)
Epoch  44/100 | Train Loss: 1.2508 | Val Loss: 1.4938 | LR: 1.80e-04 | Time: 39.5s | Mem: 1393MB
  -> Saved best model (val_loss=1.4938)
Epoch  45/100 | Train Loss: 1.2485 | Val Loss: 1.4916 | LR: 1.76e-04 | Time: 40.3s | Mem: 1393MB
  -> Saved best model (val_loss=1.4916)
Epoch  46/100 | Train Loss: 1.2463 | Val Loss: 1.4856 | LR: 1.71e-04 | Time: 38.3s | Mem: 1393MB
  -> Saved best model (val_loss=1.4856)
Epoch  47/100 | Train Loss: 1.2443 | Val Loss: 1.4809 | LR: 1.66e-04 | Time: 41.2s | Mem: 1393MB
  -> Saved best model (val_loss=1.4809)
Epoch  48/100 | Train Loss: 1.2416 | Val Loss: 1.4814 | LR: 1.61e-04 | Time: 41.2s | Mem: 1394MB
Epoch  49/100 | Train Loss: 1.2391 | Val Loss: 1.4762 | LR: 1.57e-04 | Time: 39.3s | Mem: 1391MB
  -> Saved best model (val_loss=1.4762)
Epoch  50/100 | Train Loss: 1.2377 | Val Loss: 1.4728 | LR: 1.52e-04 | Time: 40.8s | Mem: 1393MB
  -> Saved best model (val_loss=1.4728)
Epoch  51/100 | Train Loss: 1.2364 | Val Loss: 1.4698 | LR: 1.47e-04 | Time: 39.2s | Mem: 1394MB
  -> Saved best model (val_loss=1.4698)
Epoch  52/100 | Train Loss: 1.2341 | Val Loss: 1.4648 | LR: 1.42e-04 | Time: 40.7s | Mem: 1392MB
  -> Saved best model (val_loss=1.4648)
Epoch  53/100 | Train Loss: 1.2321 | Val Loss: 1.4709 | LR: 1.38e-04 | Time: 40.0s | Mem: 1393MB
Epoch  54/100 | Train Loss: 1.2310 | Val Loss: 1.4595 | LR: 1.33e-04 | Time: 39.3s | Mem: 1393MB
  -> Saved best model (val_loss=1.4595)
Epoch  55/100 | Train Loss: 1.2294 | Val Loss: 1.4624 | LR: 1.28e-04 | Time: 36.9s | Mem: 1393MB
Epoch  56/100 | Train Loss: 1.2285 | Val Loss: 1.4551 | LR: 1.24e-04 | Time: 38.7s | Mem: 1393MB
  -> Saved best model (val_loss=1.4551)
Epoch  57/100 | Train Loss: 1.2262 | Val Loss: 1.4533 | LR: 1.19e-04 | Time: 41.4s | Mem: 1393MB
  -> Saved best model (val_loss=1.4533)
Epoch  58/100 | Train Loss: 1.2255 | Val Loss: 1.4556 | LR: 1.14e-04 | Time: 38.7s | Mem: 1393MB
Epoch  59/100 | Train Loss: 1.2241 | Val Loss: 1.4477 | LR: 1.10e-04 | Time: 39.5s | Mem: 1393MB
  -> Saved best model (val_loss=1.4477)
Epoch  60/100 | Train Loss: 1.2221 | Val Loss: 1.4454 | LR: 1.05e-04 | Time: 36.8s | Mem: 1393MB
  -> Saved best model (val_loss=1.4454)
Epoch  61/100 | Train Loss: 1.2220 | Val Loss: 1.4441 | LR: 1.01e-04 | Time: 39.9s | Mem: 1394MB
  -> Saved best model (val_loss=1.4441)
Epoch  62/100 | Train Loss: 1.2205 | Val Loss: 1.4450 | LR: 9.61e-05 | Time: 41.2s | Mem: 1393MB
Epoch  63/100 | Train Loss: 1.2199 | Val Loss: 1.4424 | LR: 9.17e-05 | Time: 39.0s | Mem: 1393MB
  -> Saved best model (val_loss=1.4424)
Epoch  64/100 | Train Loss: 1.2188 | Val Loss: 1.4404 | LR: 8.74e-05 | Time: 38.2s | Mem: 1393MB
  -> Saved best model (val_loss=1.4404)
Epoch  65/100 | Train Loss: 1.2176 | Val Loss: 1.4391 | LR: 8.31e-05 | Time: 40.6s | Mem: 1393MB
  -> Saved best model (val_loss=1.4391)
Epoch  66/100 | Train Loss: 1.2166 | Val Loss: 1.4364 | LR: 7.89e-05 | Time: 38.0s | Mem: 1393MB
  -> Saved best model (val_loss=1.4364)
Epoch  67/100 | Train Loss: 1.2156 | Val Loss: 1.4303 | LR: 7.47e-05 | Time: 36.2s | Mem: 1393MB
  -> Saved best model (val_loss=1.4303)
Epoch  68/100 | Train Loss: 1.2148 | Val Loss: 1.4326 | LR: 7.07e-05 | Time: 38.7s | Mem: 1392MB
Epoch  69/100 | Train Loss: 1.2140 | Val Loss: 1.4318 | LR: 6.67e-05 | Time: 39.7s | Mem: 1394MB
Epoch  70/100 | Train Loss: 1.2134 | Val Loss: 1.4293 | LR: 6.28e-05 | Time: 38.2s | Mem: 1393MB
  -> Saved best model (val_loss=1.4293)
Epoch  71/100 | Train Loss: 1.2126 | Val Loss: 1.4294 | LR: 5.89e-05 | Time: 39.1s | Mem: 1393MB
Epoch  72/100 | Train Loss: 1.2119 | Val Loss: 1.4291 | LR: 5.52e-05 | Time: 38.0s | Mem: 1392MB
  -> Saved best model (val_loss=1.4291)
Epoch  73/100 | Train Loss: 1.2111 | Val Loss: 1.4238 | LR: 5.16e-05 | Time: 35.8s | Mem: 1393MB
  -> Saved best model (val_loss=1.4238)
Epoch  74/100 | Train Loss: 1.2106 | Val Loss: 1.4260 | LR: 4.80e-05 | Time: 41.0s | Mem: 1394MB
Epoch  75/100 | Train Loss: 1.2100 | Val Loss: 1.4267 | LR: 4.46e-05 | Time: 41.0s | Mem: 1393MB
Epoch  76/100 | Train Loss: 1.2095 | Val Loss: 1.4245 | LR: 4.13e-05 | Time: 41.2s | Mem: 1393MB
Epoch  77/100 | Train Loss: 1.2090 | Val Loss: 1.4235 | LR: 3.81e-05 | Time: 39.8s | Mem: 1392MB
  -> Saved best model (val_loss=1.4235)
Epoch  78/100 | Train Loss: 1.2084 | Val Loss: 1.4233 | LR: 3.50e-05 | Time: 40.2s | Mem: 1394MB
  -> Saved best model (val_loss=1.4233)
Epoch  79/100 | Train Loss: 1.2082 | Val Loss: 1.4226 | LR: 3.20e-05 | Time: 40.0s | Mem: 1393MB
  -> Saved best model (val_loss=1.4226)
Epoch  80/100 | Train Loss: 1.2076 | Val Loss: 1.4217 | LR: 2.91e-05 | Time: 38.4s | Mem: 1393MB
  -> Saved best model (val_loss=1.4217)
Epoch  81/100 | Train Loss: 1.2073 | Val Loss: 1.4219 | LR: 2.63e-05 | Time: 38.7s | Mem: 1393MB
Epoch  82/100 | Train Loss: 1.2069 | Val Loss: 1.4206 | LR: 2.37e-05 | Time: 40.5s | Mem: 1393MB
  -> Saved best model (val_loss=1.4206)
Epoch  83/100 | Train Loss: 1.2065 | Val Loss: 1.4198 | LR: 2.12e-05 | Time: 39.4s | Mem: 1393MB
  -> Saved best model (val_loss=1.4198)
Epoch  84/100 | Train Loss: 1.2064 | Val Loss: 1.4198 | LR: 1.88e-05 | Time: 40.9s | Mem: 1393MB
  -> Saved best model (val_loss=1.4198)
Epoch  85/100 | Train Loss: 1.2060 | Val Loss: 1.4200 | LR: 1.66e-05 | Time: 41.2s | Mem: 1393MB
Epoch  86/100 | Train Loss: 1.2056 | Val Loss: 1.4200 | LR: 1.45e-05 | Time: 35.9s | Mem: 1393MB
Epoch  87/100 | Train Loss: 1.2056 | Val Loss: 1.4199 | LR: 1.25e-05 | Time: 39.8s | Mem: 1393MB
Epoch  88/100 | Train Loss: 1.2054 | Val Loss: 1.4203 | LR: 1.07e-05 | Time: 37.4s | Mem: 1393MB
Epoch  89/100 | Train Loss: 1.2052 | Val Loss: 1.4193 | LR: 9.01e-06 | Time: 38.5s | Mem: 1394MB
  -> Saved best model (val_loss=1.4193)
Epoch  90/100 | Train Loss: 1.2049 | Val Loss: 1.4193 | LR: 7.46e-06 | Time: 37.4s | Mem: 1393MB
  -> Saved best model (val_loss=1.4193)
Epoch  91/100 | Train Loss: 1.2050 | Val Loss: 1.4196 | LR: 6.05e-06 | Time: 40.7s | Mem: 1393MB
Epoch  92/100 | Train Loss: 1.2049 | Val Loss: 1.4190 | LR: 4.79e-06 | Time: 39.1s | Mem: 1393MB
  -> Saved best model (val_loss=1.4190)
Epoch  93/100 | Train Loss: 1.2047 | Val Loss: 1.4181 | LR: 3.67e-06 | Time: 38.2s | Mem: 1393MB
  -> Saved best model (val_loss=1.4181)
Epoch  94/100 | Train Loss: 1.2046 | Val Loss: 1.4188 | LR: 2.70e-06 | Time: 37.9s | Mem: 1393MB
Epoch  95/100 | Train Loss: 1.2046 | Val Loss: 1.4190 | LR: 1.88e-06 | Time: 37.1s | Mem: 1393MB
Epoch  96/100 | Train Loss: 1.2044 | Val Loss: 1.4191 | LR: 1.20e-06 | Time: 37.8s | Mem: 1393MB
Epoch  97/100 | Train Loss: 1.2044 | Val Loss: 1.4187 | LR: 6.76e-07 | Time: 37.5s | Mem: 1393MB
Epoch  98/100 | Train Loss: 1.2045 | Val Loss: 1.4186 | LR: 3.01e-07 | Time: 37.9s | Mem: 1393MB
Epoch  99/100 | Train Loss: 1.2045 | Val Loss: 1.4187 | LR: 7.52e-08 | Time: 37.7s | Mem: 1393MB
Epoch 100/100 | Train Loss: 1.2043 | Val Loss: 1.4187 | LR: 0.00e+00 | Time: 37.3s | Mem: 1392MB

=== Test Set Evaluation ===
  bit_level_accuracy: 0.9451
  char_level_accuracy: 0.8488
  sequence_accuracy: 0.5700
  avg_levenshtein: 1.2484
  bleu: 0.9118
  rouge_l_f1: 0.9676
  rouge_l_precision: 0.9678
  rouge_l_recall: 0.9674
wandb: updating run metadata
wandb: uploading output.log; uploading wandb-summary.json; uploading config.yaml
wandb: uploading output.log; uploading wandb-summary.json
wandb: 
wandb: Run history:
wandb:                    epoch ▁▁▁▁▂▂▂▂▂▂▂▂▃▃▃▃▃▄▄▄▄▅▅▅▅▅▅▆▆▆▆▆▆▇▇▇▇▇▇█
wandb:             epoch_time_s █▄▅▆▅▆▆▅▆█▇▅▄▃▇▄█▅▅▇▂▅▂▆█▁▇▇▆▆▅▇▁▆▄▅▄▄▃▃
wandb:            learning_rate ███████▇▇▇▇▇▇▇▆▆▆▅▅▅▄▄▄▄▃▃▂▂▂▂▂▂▂▂▁▁▁▁▁▁
wandb:           num_parameters ▁
wandb:       peak_gpu_memory_mb ▇▇▇▇▇▇▇▇▅▇▇▇▄▆██▁▇▄▇▇▇▆▇█▇▇█▇▇▃▇▇▅▆▇▇▅▇▇
wandb:     test/avg_levenshtein ▁
wandb:  test/bit_level_accuracy ▁
wandb:                test/bleu ▁
wandb: test/char_level_accuracy ▁
wandb:          test/rouge_l_f1 ▁
wandb:                       +5 ...
wandb: 
wandb: Run summary:
wandb:                    epoch 100
wandb:             epoch_time_s 37.32245
wandb:            learning_rate 0
wandb:           num_parameters 10444192
wandb:       peak_gpu_memory_mb 1391.93213
wandb:     test/avg_levenshtein 1.24842
wandb:  test/bit_level_accuracy 0.94513
wandb:                test/bleu 0.91182
wandb: test/char_level_accuracy 0.84875
wandb:          test/rouge_l_f1 0.96757
wandb:                       +5 ...
wandb: 
wandb: 🚀 View run C4_rmsnorm at: https://wandb.ai/dnebhrajani-v/anlp-transformer-from-scratch/runs/wuveot60
wandb: ⭐️ View project at: https://wandb.ai/dnebhrajani-v/anlp-transformer-from-scratch
wandb: Synced 5 W&B file(s), 0 media file(s), 0 artifact file(s) and 0 other file(s)
wandb: Find logs at: ./wandb/run-20260902_070910-wuveot60/logs
