==========================================
SLURM_JOB_ID = 2680078
SLURM_NODELIST = gnode087
SLURM_JOB_GPUS = 3
==========================================
Starting training for config: C5
Using device: cuda
wandb: [wandb.login()] Loaded credentials for https://api.wandb.ai from /home2/dnebhrajani/.netrc.
wandb: Currently logged in as: dnebhrajani (dnebhrajani-v) to https://api.wandb.ai. Use `wandb login --relogin` to force relogin
wandb: setting up run frvvtc7s
wandb: Tracking run with wandb version 0.29.0
wandb: Run data is saved locally in /home2/dnebhrajani/assignments/wandb/run-20260828_054644-frvvtc7s
wandb: Run `wandb offline` to turn off syncing.
wandb: Syncing run C5_blt
wandb: ⭐️ View project at https://wandb.ai/dnebhrajani-v/anlp-transformer-from-scratch
wandb: 🚀 View run at https://wandb.ai/dnebhrajani-v/anlp-transformer-from-scratch/runs/frvvtc7s
Train: 4000, Val: 500, Test: 500
Model parameters: 10,076,672
Traceback (most recent call last):
  File "/home2/dnebhrajani/assignments/src/train.py", line 467, in <module>
    main()
  File "/home2/dnebhrajani/assignments/src/train.py", line 407, in main
    val_loss = validate(model, val_loader, criterion, device, config)
  File "/home2/dnebhrajani/transformer_env/lib/python3.10/site-packages/torch/utils/_contextlib.py", line 116, in decorate_context
    return func(*args, **kwargs)
  File "/home2/dnebhrajani/assignments/src/train.py", line 197, in validate
    logits = model(src, tgt, src_pad_mask, tgt_pad_mask)
  File "/home2/dnebhrajani/transformer_env/lib/python3.10/site-packages/torch/nn/modules/module.py", line 1751, in _wrapped_call_impl
    return self._call_impl(*args, **kwargs)
  File "/home2/dnebhrajani/transformer_env/lib/python3.10/site-packages/torch/nn/modules/module.py", line 1762, in _call_impl
    return forward_call(*args, **kwargs)
  File "/home2/dnebhrajani/assignments/src/models/transformer.py", line 502, in forward
    logits = self.local_decoder(dec_out, tgt_bytes)
  File "/home2/dnebhrajani/transformer_env/lib/python3.10/site-packages/torch/nn/modules/module.py", line 1751, in _wrapped_call_impl
    return self._call_impl(*args, **kwargs)
  File "/home2/dnebhrajani/transformer_env/lib/python3.10/site-packages/torch/nn/modules/module.py", line 1762, in _call_impl
    return forward_call(*args, **kwargs)
  File "/home2/dnebhrajani/assignments/src/models/blt.py", line 217, in forward
    target_patches = target_bytes.view(batch_size, num_patches, self.patch_size)
RuntimeError: shape '[16, 124, 4]' is invalid for input of size 7920
Traceback (most recent call last):
  File "/home2/dnebhrajani/assignments/src/train.py", line 467, in <module>
    main()
  File "/home2/dnebhrajani/assignments/src/train.py", line 407, in main
    val_loss = validate(model, val_loader, criterion, device, config)
  File "/home2/dnebhrajani/transformer_env/lib/python3.10/site-packages/torch/utils/_contextlib.py", line 116, in decorate_context
    return func(*args, **kwargs)
  File "/home2/dnebhrajani/assignments/src/train.py", line 197, in validate
    logits = model(src, tgt, src_pad_mask, tgt_pad_mask)
  File "/home2/dnebhrajani/transformer_env/lib/python3.10/site-packages/torch/nn/modules/module.py", line 1751, in _wrapped_call_impl
    return self._call_impl(*args, **kwargs)
  File "/home2/dnebhrajani/transformer_env/lib/python3.10/site-packages/torch/nn/modules/module.py", line 1762, in _call_impl
    return forward_call(*args, **kwargs)
  File "/home2/dnebhrajani/assignments/src/models/transformer.py", line 502, in forward
    logits = self.local_decoder(dec_out, tgt_bytes)
  File "/home2/dnebhrajani/transformer_env/lib/python3.10/site-packages/torch/nn/modules/module.py", line 1751, in _wrapped_call_impl
    return self._call_impl(*args, **kwargs)
  File "/home2/dnebhrajani/transformer_env/lib/python3.10/site-packages/torch/nn/modules/module.py", line 1762, in _call_impl
    return forward_call(*args, **kwargs)
  File "/home2/dnebhrajani/assignments/src/models/blt.py", line 217, in forward
    target_patches = target_bytes.view(batch_size, num_patches, self.patch_size)
RuntimeError: shape '[16, 124, 4]' is invalid for input of size 7920
[1;34mwandb[0m: 
[1;34mwandb[0m: 🚀 View run [33mC5_blt[0m at: [34mhttps://wandb.ai/dnebhrajani-v/anlp-transformer-from-scratch/runs/frvvtc7s[0m
[1;34mwandb[0m: Find logs at: [1;35mwandb/run-20260828_054644-frvvtc7s/logs[0m
