==========================================
SLURM_JOB_ID = 2680672
SLURM_NODELIST = gnode068
SLURM_JOB_GPUS = 3
==========================================
Starting training for config: C5
Using device: cuda
wandb: [wandb.login()] Loaded credentials for https://api.wandb.ai from /home2/dnebhrajani/.netrc.
wandb: Currently logged in as: dnebhrajani (dnebhrajani-v) to https://api.wandb.ai. Use `wandb login --relogin` to force relogin
wandb: setting up run 255xpeux
wandb: Tracking run with wandb version 0.29.0
wandb: Run data is saved locally in /home2/dnebhrajani/assignments/wandb/run-20260828_175050-255xpeux
wandb: Run `wandb offline` to turn off syncing.
wandb: Syncing run C5_blt
wandb: ⭐️ View project at https://wandb.ai/dnebhrajani-v/anlp-transformer-from-scratch
wandb: 🚀 View run at https://wandb.ai/dnebhrajani-v/anlp-transformer-from-scratch/runs/255xpeux
Train: 4000, Val: 500, Test: 500
Model parameters: 10,076,672
Epoch   1/50 | Train Loss: 2.5178 | Val Loss: 0.2676 | LR: 5.00e-05 | Time: 29.4s | Mem: 1402MB
  -> Saved best model (val_loss=0.2676)
Epoch   2/50 | Train Loss: 0.3040 | Val Loss: 0.0225 | LR: 1.00e-04 | Time: 21.1s | Mem: 1402MB
  -> Saved best model (val_loss=0.0225)
Epoch   3/50 | Train Loss: 0.1090 | Val Loss: 0.0072 | LR: 9.99e-05 | Time: 21.6s | Mem: 1402MB
  -> Saved best model (val_loss=0.0072)
Epoch   4/50 | Train Loss: 0.0692 | Val Loss: 0.0040 | LR: 9.96e-05 | Time: 21.0s | Mem: 1402MB
  -> Saved best model (val_loss=0.0040)
Epoch   5/50 | Train Loss: 0.0524 | Val Loss: 0.0027 | LR: 9.90e-05 | Time: 21.0s | Mem: 1402MB
  -> Saved best model (val_loss=0.0027)
Epoch   6/50 | Train Loss: 0.0423 | Val Loss: 0.0019 | LR: 9.83e-05 | Time: 21.1s | Mem: 1402MB
  -> Saved best model (val_loss=0.0019)
Epoch   7/50 | Train Loss: 0.0356 | Val Loss: 0.0013 | LR: 9.73e-05 | Time: 20.8s | Mem: 1402MB
  -> Saved best model (val_loss=0.0013)
Epoch   8/50 | Train Loss: 0.0313 | Val Loss: 0.0013 | LR: 9.62e-05 | Time: 18.2s | Mem: 1402MB
  -> Saved best model (val_loss=0.0013)
Epoch   9/50 | Train Loss: 0.0277 | Val Loss: 0.0008 | LR: 9.48e-05 | Time: 20.6s | Mem: 1402MB
  -> Saved best model (val_loss=0.0008)
Epoch  10/50 | Train Loss: 0.0245 | Val Loss: 0.0009 | LR: 9.33e-05 | Time: 21.4s | Mem: 1402MB
Epoch  11/50 | Train Loss: 0.0225 | Val Loss: 0.0006 | LR: 9.16e-05 | Time: 21.8s | Mem: 1402MB
  -> Saved best model (val_loss=0.0006)
Epoch  12/50 | Train Loss: 0.0206 | Val Loss: 0.0005 | LR: 8.97e-05 | Time: 21.5s | Mem: 1402MB
  -> Saved best model (val_loss=0.0005)
Epoch  13/50 | Train Loss: 0.0192 | Val Loss: 0.0005 | LR: 8.76e-05 | Time: 20.9s | Mem: 1402MB
Epoch  14/50 | Train Loss: 0.0179 | Val Loss: 0.0005 | LR: 8.54e-05 | Time: 20.9s | Mem: 1402MB
  -> Saved best model (val_loss=0.0005)
Epoch  15/50 | Train Loss: 0.0167 | Val Loss: 0.0003 | LR: 8.30e-05 | Time: 21.3s | Mem: 1402MB
  -> Saved best model (val_loss=0.0003)
Epoch  16/50 | Train Loss: 0.0154 | Val Loss: 0.0004 | LR: 8.04e-05 | Time: 21.2s | Mem: 1402MB
Epoch  17/50 | Train Loss: 0.0146 | Val Loss: 0.0003 | LR: 7.78e-05 | Time: 21.0s | Mem: 1402MB
  -> Saved best model (val_loss=0.0003)
Epoch  18/50 | Train Loss: 0.0139 | Val Loss: 0.0003 | LR: 7.50e-05 | Time: 21.1s | Mem: 1402MB
Epoch  19/50 | Train Loss: 0.0128 | Val Loss: 0.0003 | LR: 7.21e-05 | Time: 21.7s | Mem: 1402MB
  -> Saved best model (val_loss=0.0003)
Epoch  20/50 | Train Loss: 0.0121 | Val Loss: 0.0003 | LR: 6.91e-05 | Time: 21.2s | Mem: 1402MB
  -> Saved best model (val_loss=0.0003)
Epoch  21/50 | Train Loss: 0.0114 | Val Loss: 0.0003 | LR: 6.61e-05 | Time: 21.0s | Mem: 1402MB
Epoch  22/50 | Train Loss: 0.0111 | Val Loss: 0.0003 | LR: 6.29e-05 | Time: 21.1s | Mem: 1402MB
Epoch  23/50 | Train Loss: 0.0104 | Val Loss: 0.0003 | LR: 5.98e-05 | Time: 21.0s | Mem: 1402MB
Epoch  24/50 | Train Loss: 0.0101 | Val Loss: 0.0002 | LR: 5.65e-05 | Time: 21.3s | Mem: 1402MB
  -> Saved best model (val_loss=0.0002)
Epoch  25/50 | Train Loss: 0.0092 | Val Loss: 0.0003 | LR: 5.33e-05 | Time: 21.0s | Mem: 1402MB
Epoch  26/50 | Train Loss: 0.0089 | Val Loss: 0.0002 | LR: 5.00e-05 | Time: 21.4s | Mem: 1402MB
Epoch  27/50 | Train Loss: 0.0081 | Val Loss: 0.0002 | LR: 4.67e-05 | Time: 20.9s | Mem: 1402MB
  -> Saved best model (val_loss=0.0002)
Epoch  28/50 | Train Loss: 0.0082 | Val Loss: 0.0003 | LR: 4.35e-05 | Time: 21.5s | Mem: 1402MB
Epoch  29/50 | Train Loss: 0.0077 | Val Loss: 0.0002 | LR: 4.02e-05 | Time: 21.2s | Mem: 1402MB
  -> Saved best model (val_loss=0.0002)
Epoch  30/50 | Train Loss: 0.0072 | Val Loss: 0.0002 | LR: 3.71e-05 | Time: 22.3s | Mem: 1402MB
Epoch  31/50 | Train Loss: 0.0071 | Val Loss: 0.0001 | LR: 3.39e-05 | Time: 21.7s | Mem: 1402MB
  -> Saved best model (val_loss=0.0001)
Epoch  32/50 | Train Loss: 0.0067 | Val Loss: 0.0001 | LR: 3.09e-05 | Time: 20.9s | Mem: 1402MB
  -> Saved best model (val_loss=0.0001)
Epoch  33/50 | Train Loss: 0.0064 | Val Loss: 0.0002 | LR: 2.79e-05 | Time: 20.9s | Mem: 1402MB
Epoch  34/50 | Train Loss: 0.0060 | Val Loss: 0.0002 | LR: 2.50e-05 | Time: 20.9s | Mem: 1402MB
Epoch  35/50 | Train Loss: 0.0060 | Val Loss: 0.0002 | LR: 2.22e-05 | Time: 21.8s | Mem: 1402MB
Epoch  36/50 | Train Loss: 0.0056 | Val Loss: 0.0002 | LR: 1.96e-05 | Time: 21.2s | Mem: 1402MB
Epoch  37/50 | Train Loss: 0.0056 | Val Loss: 0.0002 | LR: 1.70e-05 | Time: 20.9s | Mem: 1402MB
Epoch  38/50 | Train Loss: 0.0055 | Val Loss: 0.0001 | LR: 1.46e-05 | Time: 21.1s | Mem: 1402MB
Epoch  39/50 | Train Loss: 0.0051 | Val Loss: 0.0001 | LR: 1.24e-05 | Time: 20.8s | Mem: 1402MB
  -> Saved best model (val_loss=0.0001)
Epoch  40/50 | Train Loss: 0.0050 | Val Loss: 0.0001 | LR: 1.03e-05 | Time: 20.4s | Mem: 1402MB
Epoch  41/50 | Train Loss: 0.0049 | Val Loss: 0.0001 | LR: 8.43e-06 | Time: 21.2s | Mem: 1402MB
Epoch  42/50 | Train Loss: 0.0047 | Val Loss: 0.0001 | LR: 6.70e-06 | Time: 19.3s | Mem: 1402MB
Epoch  43/50 | Train Loss: 0.0047 | Val Loss: 0.0001 | LR: 5.16e-06 | Time: 21.2s | Mem: 1402MB
Epoch  44/50 | Train Loss: 0.0049 | Val Loss: 0.0001 | LR: 3.81e-06 | Time: 20.7s | Mem: 1402MB
  -> Saved best model (val_loss=0.0001)
Epoch  45/50 | Train Loss: 0.0047 | Val Loss: 0.0001 | LR: 2.65e-06 | Time: 20.9s | Mem: 1402MB
Epoch  46/50 | Train Loss: 0.0047 | Val Loss: 0.0001 | LR: 1.70e-06 | Time: 21.6s | Mem: 1402MB
Epoch  47/50 | Train Loss: 0.0044 | Val Loss: 0.0001 | LR: 9.61e-07 | Time: 21.2s | Mem: 1402MB
Epoch  48/50 | Train Loss: 0.0045 | Val Loss: 0.0001 | LR: 4.28e-07 | Time: 21.0s | Mem: 1402MB
Epoch  49/50 | Train Loss: 0.0045 | Val Loss: 0.0001 | LR: 1.07e-07 | Time: 20.9s | Mem: 1402MB
Epoch  50/50 | Train Loss: 0.0047 | Val Loss: 0.0001 | LR: 0.00e+00 | Time: 20.9s | Mem: 1402MB

=== Test Set Evaluation ===
  bit_level_accuracy: 0.6301
  sequence_accuracy: 0.0000
  avg_levenshtein: 578.2080
wandb: updating run metadata
wandb: uploading output.log; uploading wandb-summary.json; uploading config.yaml
wandb: uploading history steps 51-51, summary, console lines 77-79
wandb: 
wandb: Run history:
wandb:                   epoch ▁▁▁▁▂▂▂▂▂▃▃▃▃▃▃▄▄▄▄▄▅▅▅▅▅▆▆▆▆▆▆▇▇▇▇▇▇███
wandb:            epoch_time_s █▃▃▃▃▃▁▃▃▃▃▃▃▃▃▃▃▃▃▃▃▃▃▄▃▃▃▃▃▃▃▂▃▂▃▃▃▃▃▃
wandb:           learning_rate ▅████████▇▇▇▇▇▆▆▆▆▅▅▅▄▄▄▄▃▃▃▂▂▂▂▂▁▁▁▁▁▁▁
wandb:          num_parameters ▁
wandb:      peak_gpu_memory_mb ▁▁▁▁▁▁▁▁▁▁▁▁▁▁▁▁▁▁▁▁▁▁▁▁▁▁▁▁▁▁▁▁▁▁▁▁▁▁▁▁
wandb:    test/avg_levenshtein ▁
wandb: test/bit_level_accuracy ▁
wandb:  test/sequence_accuracy ▁
wandb:              train_loss █▃▂▂▂▂▁▁▁▁▁▁▁▁▁▁▁▁▁▁▁▁▁▁▁▁▁▁▁▁▁▁▁▁▁▁▁▁▁▁
wandb:                val_loss █▂▁▁▁▁▁▁▁▁▁▁▁▁▁▁▁▁▁▁▁▁▁▁▁▁▁▁▁▁▁▁▁▁▁▁▁▁▁▁
wandb: 
wandb: Run summary:
wandb:                   epoch 50
wandb:            epoch_time_s 20.89322
wandb:           learning_rate 0
wandb:          num_parameters 10076672
wandb:      peak_gpu_memory_mb 1402.37354
wandb:    test/avg_levenshtein 578.208
wandb: test/bit_level_accuracy 0.63006
wandb:  test/sequence_accuracy 0
wandb:              train_loss 0.00467
wandb:                val_loss 0.00011
wandb: 
wandb: 🚀 View run C5_blt at: https://wandb.ai/dnebhrajani-v/anlp-transformer-from-scratch/runs/255xpeux
wandb: ⭐️ View project at: https://wandb.ai/dnebhrajani-v/anlp-transformer-from-scratch
wandb: Synced 5 W&B file(s), 0 media file(s), 0 artifact file(s) and 0 other file(s)
wandb: Find logs at: ./wandb/run-20260828_175050-255xpeux/logs
